Archive member included to satisfy reference by file (symbol)

./build/core.a(exception_vectors.o)
                              (call_user_start)
./build/core.a(esp_interrupts.o)
                              ./build/core.a(exception_vectors.o) (_xt_isr_handler)
./build/core.a(app_main.o)    ./build/core.a(exception_vectors.o) (sdk_user_start)
./build/core.a(phy_info.o)    ./build/core.a(app_main.o) (get_default_phy_info)
./build/core.a(debug_dumps.o)
                              ./build/core.a(exception_vectors.o) (fatal_exception_handler)
./build/core.a(spiflash-cache-enable.o)
                              ./build/core.a(app_main.o) (Cache_Read_Enable)
/home/bjarne/workspace/ESP8266/esp-open-sdk/xtensa-lx106-elf/lib/gcc/xtensa-lx106-elf/4.8.5/libgcc.a(_divsf3.o)
                              ./build/core.a(phy_info.o) (__divsf3)
/home/bjarne/workspace/ESP8266/esp-open-sdk/xtensa-lx106-elf/lib/gcc/xtensa-lx106-elf/4.8.5/libgcc.a(_floatsisf.o)
                              ./build/core.a(phy_info.o) (__floatunsisf)
/home/bjarne/workspace/ESP8266/esp-open-sdk/xtensa-lx106-elf/lib/gcc/xtensa-lx106-elf/4.8.5/libgcc.a(_muldf3.o)
                              ./build/core.a(phy_info.o) (__muldf3)
/home/bjarne/workspace/ESP8266/esp-open-sdk/xtensa-lx106-elf/lib/gcc/xtensa-lx106-elf/4.8.5/libgcc.a(_floatsidf.o)
                              ./build/core.a(phy_info.o) (__floatsidf)
/home/bjarne/workspace/ESP8266/esp-open-sdk/xtensa-lx106-elf/lib/gcc/xtensa-lx106-elf/4.8.5/libgcc.a(_extendsfdf2.o)
                              ./build/core.a(phy_info.o) (__extendsfdf2)
../../esp-open-rtos/libc/xtensa-lx106-elf/lib/libc.a(lib_a-impure.o)
                              ./build/core.a(app_main.o) (_impure_ptr)
../../esp-open-rtos/libc/xtensa-lx106-elf/lib/libc.a(lib_a-malloc.o)
                              ./build/core.a(app_main.o) (malloc)
../../esp-open-rtos/libc/xtensa-lx106-elf/lib/libc.a(lib_a-memcpy.o)
                              ./build/core.a(app_main.o) (memcpy)
../../esp-open-rtos/libc/xtensa-lx106-elf/lib/libc.a(lib_a-memset.o)
                              ./build/core.a(app_main.o) (memset)
../../esp-open-rtos/libc/xtensa-lx106-elf/lib/libc.a(lib_a-mstats.o)
                              ./build/core.a(debug_dumps.o) (mallinfo)
../../esp-open-rtos/libc/xtensa-lx106-elf/lib/libc.a(lib_a-nano-freer.o)
                              ../../esp-open-rtos/libc/xtensa-lx106-elf/lib/libc.a(lib_a-malloc.o) (_free_r)
../../esp-open-rtos/libc/xtensa-lx106-elf/lib/libc.a(lib_a-nano-mallinfor.o)
                              ../../esp-open-rtos/libc/xtensa-lx106-elf/lib/libc.a(lib_a-mstats.o) (_mallinfo_r)
../../esp-open-rtos/libc/xtensa-lx106-elf/lib/libc.a(lib_a-nano-mallocr.o)
                              ../../esp-open-rtos/libc/xtensa-lx106-elf/lib/libc.a(lib_a-nano-freer.o) (__malloc_free_list)
../../esp-open-rtos/libc/xtensa-lx106-elf/lib/libc.a(lib_a-nano-malloptr.o)
                              ../../esp-open-rtos/libc/xtensa-lx106-elf/lib/libc.a(lib_a-mstats.o) (_mallopt_r)
../../esp-open-rtos/libc/xtensa-lx106-elf/lib/libc.a(lib_a-nano-mallstatsr.o)
                              ../../esp-open-rtos/libc/xtensa-lx106-elf/lib/libc.a(lib_a-mstats.o) (_malloc_stats_r)
../../esp-open-rtos/libc/xtensa-lx106-elf/lib/libc.a(lib_a-nano-vfprintf_float.o)
                              (_printf_float)
../../esp-open-rtos/libc/xtensa-lx106-elf/lib/libc.a(lib_a-nano-vfprintf_i.o)
                              ../../esp-open-rtos/libc/xtensa-lx106-elf/lib/libc.a(lib_a-nano-vfprintf_float.o) (_printf_common)
../../esp-open-rtos/libc/xtensa-lx106-elf/lib/libc.a(lib_a-nano-vfscanf_float.o)
                              (_scanf_float)
../../esp-open-rtos/libc/xtensa-lx106-elf/lib/libc.a(lib_a-printf.o)
                              ./build/core.a(exception_vectors.o) (printf)
../../esp-open-rtos/libc/xtensa-lx106-elf/lib/libc.a(lib_a-putchar.o)
                              ./build/core.a(app_main.o) (putchar)
../../esp-open-rtos/libc/xtensa-lx106-elf/lib/libc.a(lib_a-putc.o)
                              ../../esp-open-rtos/libc/xtensa-lx106-elf/lib/libc.a(lib_a-putchar.o) (_putc_r)
../../esp-open-rtos/libc/xtensa-lx106-elf/lib/libc.a(lib_a-puts.o)
                              ./build/core.a(app_main.o) (puts)
../../esp-open-rtos/libc/xtensa-lx106-elf/lib/libc.a(lib_a-setbuf.o)
                              ./build/core.a(app_main.o) (setbuf)
../../esp-open-rtos/libc/xtensa-lx106-elf/lib/libc.a(lib_a-setvbuf.o)
                              ../../esp-open-rtos/libc/xtensa-lx106-elf/lib/libc.a(lib_a-setbuf.o) (setvbuf)
../../esp-open-rtos/libc/xtensa-lx106-elf/lib/libc.a(lib_a-sf_nan.o)
                              ../../esp-open-rtos/libc/xtensa-lx106-elf/lib/libc.a(lib_a-nano-vfscanf_float.o) (nanf)
../../esp-open-rtos/libc/xtensa-lx106-elf/lib/libc.a(lib_a-s_fpclassify.o)
                              ../../esp-open-rtos/libc/xtensa-lx106-elf/lib/libc.a(lib_a-nano-vfprintf_float.o) (__fpclassifyd)
[...]
Memory Configuration

Name             Origin             Length             Attributes
dport0_0_seg     0x000000003ff00000 0x0000000000000010
dram0_0_seg      0x000000003ffe8000 0x0000000000014000
iram1_0_seg      0x0000000040100000 0x0000000000008000
irom0_0_seg      0x0000000040202010 0x00000000000fdff0
*default*        0x0000000000000000 0xffffffffffffffff

Linker script and memory map

START GROUP
LOAD ./build/program.a
LOAD ./build/freertos.a
LOAD ./build/lwip.a
LOAD ./build/core.a
LOAD /home/bjarne/workspace/ESP8266/esp-open-sdk/xtensa-lx106-elf/xtensa-lx106-elf/sysroot/usr/lib/libhal.a
LOAD /home/bjarne/workspace/ESP8266/esp-open-sdk/xtensa-lx106-elf/lib/gcc/xtensa-lx106-elf/4.8.5/libgcc.a
LOAD ../../esp-open-rtos/libc/xtensa-lx106-elf/lib/libc.a
LOAD ./build/sdklib/libmain.a
LOAD ./build/sdklib/libnet80211.a
LOAD ./build/sdklib/libphy.a
LOAD ./build/sdklib/libpp.a
LOAD ./build/sdklib/libwpa.a
END GROUP
                0x00000000401061e0                pvPortMalloc = malloc
                0x00000000401061fc                vPortFree = free
                0x0000000040100f5c                _lock_acquire = vPortEnterCritical
                0x0000000040100f5c                _lock_acquire_recursive = vPortEnterCritical
                0x0000000040100f5c                _lock_try_acquire = vPortEnterCritical
                0x0000000040100f5c                _lock_try_acquire_recursive = vPortEnterCritical
                0x0000000040100f84                _lock_release = vPortExitCritical
                0x0000000040100f84                _lock_release_recursive = vPortExitCritical
                0x0000000040106758                ets_printf = printf
                [!provide]                        PROVIDE (_memmap_vecbase_reset, 0x40000000)
                0x0000000000000110                _memmap_cacheattr_wb_base = 0x110
                0x0000000000000110                _memmap_cacheattr_wt_base = 0x110
                0x0000000000000220                _memmap_cacheattr_bp_base = 0x220
                0x00000000fffff00f                _memmap_cacheattr_unused_mask = 0xfffff00f
                0x000000002222211f                _memmap_cacheattr_wb_trapnull = 0x2222211f
                0x000000002222211f                _memmap_cacheattr_wba_trapnull = 0x2222211f
                0x000000002222211f                _memmap_cacheattr_wbna_trapnull = 0x2222211f
                0x000000002222211f                _memmap_cacheattr_wt_trapnull = 0x2222211f
                0x000000002222222f                _memmap_cacheattr_bp_trapnull = 0x2222222f
                0x00000000fffff11f                _memmap_cacheattr_wb_strict = 0xfffff11f
                0x00000000fffff11f                _memmap_cacheattr_wt_strict = 0xfffff11f
                0x00000000fffff22f                _memmap_cacheattr_bp_strict = 0xfffff22f
                0x0000000022222112                _memmap_cacheattr_wb_allvalid = 0x22222112
                0x0000000022222112                _memmap_cacheattr_wt_allvalid = 0x22222112
                0x0000000022222222                _memmap_cacheattr_bp_allvalid = 0x22222222
                [!provide]                        PROVIDE (_memmap_cacheattr_reset, _memmap_cacheattr_wb_trapnull)

.dport0.rodata  0x000000003ff00000        0x0
                0x000000003ff00000                _dport0_rodata_start = ABSOLUTE (.)
 *(.dport0.rodata)
 *(.dport.rodata)
                0x000000003ff00000                _dport0_rodata_end = ABSOLUTE (.)

.dport0.literal
                0x000000003ff00000        0x0
                0x000000003ff00000                _dport0_literal_start = ABSOLUTE (.)
 *(.dport0.literal)
 *(.dport.literal)
                0x000000003ff00000                _dport0_literal_end = ABSOLUTE (.)

.dport0.data    0x000000003ff00000        0x0
                0x000000003ff00000                _dport0_data_start = ABSOLUTE (.)
 *(.dport0.data)
 *(.dport.data)
                0x000000003ff00000                _dport0_data_end = ABSOLUTE (.)

.text           0x0000000040100000     0x7601
                0x0000000040100000                _stext = .
                0x0000000040100000                _text_start = ABSOLUTE (.)
                0x0000000040100000                . = ALIGN (0x10)
 *(.vecbase.text)
 .vecbase.text  0x0000000040100000      0x38a ./build/core.a(exception_vectors.o)
                0x0000000040100000                VecBase
                0x0000000040100214                call_user_start
                0x0000000040100376                _xt_user_exit
 *(.entry.text)
 *(.init.literal)
 *(.init)
 *(.iram1.*)
 *fill*         0x000000004010038a        0x2 
 .iram1.text    0x000000004010038c       0xa1 ./build/core.a(esp_interrupts.o)
                                         0xa5 (size before relaxing)
                0x0000000040100390                _xt_isr_attach
                0x00000000401003a4                _xt_isr_handler
 *fill*         0x000000004010042d        0x3 
 .iram1.text    0x0000000040100430      0x298 ./build/core.a(app_main.o)
                                        0x2d4 (size before relaxing)
                0x000000004010045c                vApplicationStackOverflowHook
                0x0000000040100488                vApplicationIdleHook
                0x00000000401004ac                vApplicationTickHook
                0x000000004010051c                sdk_user_start
 .iram1.text    0x00000000401006c8       0x98 ./build/core.a(debug_dumps.o)
                                         0xa4 (size before relaxing)
                0x0000000040100720                fatal_exception_handler
                0x0000000040100740                abort
 .iram1.text    0x0000000040100760       0x67 ./build/core.a(spiflash-cache-enable.o)
                                         0x7b (size before relaxing)
                0x0000000040100770                Cache_Read_Enable
 *fill*         0x00000000401007c7        0x1 
 .iram1.text    0x00000000401007c8      0x26b ./build/freertos.a(queue.o)
                                        0x313 (size before relaxing)
                0x0000000040100914                xQueueGenericSend
                0x0000000040100a2c                uxQueueMessagesWaitingFromISR
 *fill*         0x0000000040100a33        0x1 
 .iram1.text    0x0000000040100a34      0x4d5 ./build/freertos.a(tasks.o)
                                        0x5c8 (size before relaxing)
                0x0000000040100ab0                vTaskSuspendAll
                0x0000000040100ad4                xTaskIncrementTick
                0x0000000040100c6c                xTaskResumeAll
                0x0000000040100d5c                vTaskPlaceOnEventList
                0x0000000040100dac                xTaskRemoveFromEventList
                0x0000000040100e1c                vTaskSetTimeOutState
                0x0000000040100e34                xTaskCheckForTimeOut
                0x0000000040100eac                vTaskMissedYield
                0x0000000040100eb8                vTaskPriorityDisinherit
 *fill*         0x0000000040100f09        0x3 
 .iram1.text    0x0000000040100f0c       0xda ./build/freertos.a(port.o)
                                        0x106 (size before relaxing)
                0x0000000040100f14                SV_ISR
                0x0000000040100f5c                vPortEnterCritical
                0x0000000040100f84                vPortExitCritical
                0x0000000040100fb0                PendSV
 *fill*         0x0000000040100fe6        0x2 
 .iram1.text    0x0000000040100fe8       0x1b ./build/core.a(sdk_compat.o)
                0x0000000040100fec                zalloc
 *fill*         0x0000000040101003        0x1 
 .iram1.text    0x0000000040101004       0x34 ./build/core.a(newlib_syscalls.o)
                0x0000000040101010                _sbrk_r
 .iram1.text    0x0000000040101038       0x26 ./build/core.a(esp_iomux.o)
                0x000000004010103c                gpio_to_iomux
                0x0000000040101050                iomux_to_gpio
 *fill*         0x000000004010105e        0x0 
 *fill*         0x000000004010105e        0x2 
 .iram1.data    0x0000000040101060        0x4 ./build/core.a(debug_dumps.o)
 *fill*         0x0000000040101064        0x0 
 *fill*         0x0000000040101064        0x0 
 .iram1.text    0x0000000040101064       0x65 ./build/freertos.a(list.o)
                0x0000000040101064                vListInsertEnd
                0x000000004010107c                vListInsert
                0x00000000401010a8                uxListRemove
 *fill*         0x00000000401010c9        0x0 
 *fill*         0x00000000401010c9        0x0 
 *fill*         0x00000000401010c9        0x0 
 *fill*         0x00000000401010c9        0x3 
 .iram1.data    0x00000000401010cc       0x80 ./build/core.a(esp_iomux.o)
 *sdklib*:*(.literal .text .literal.* .text.*)
 .text          0x000000004010114c       0x94 ./build/sdklib/libmain.a(ets_timer.o)
                                         0xa0 (size before relaxing)
 .text          0x00000000401011e0        0xb ./build/sdklib/libmain.a(misc.o)
                0x00000000401011e4                sdk_os_get_cpu_frequency
 *fill*         0x00000000401011eb        0x1 
 .text          0x00000000401011ec      0x398 ./build/sdklib/libmain.a(spi_flash.o)
                                        0x47c (size before relaxing)
                0x000000004010120c                sdk_SPIReadModeCnfig
                0x0000000040101290                sdk_SPIWrite
                0x0000000040101364                sdk_SPIRead
                0x0000000040101394                sdk_SPIEraseSector
                0x00000000401013e4                sdk_spi_flash_get_id
                0x000000004010144c                sdk_spi_flash_read_status
                0x0000000040101488                sdk_spi_flash_write_status
                0x00000000401014c0                sdk_spi_flash_erase_sector
                0x00000000401014f0                sdk_spi_flash_write
                0x0000000040101544                sdk_spi_flash_read
 .text          0x0000000040101584      0x180 ./build/sdklib/libmain.a(user_interface.o)
                                        0x19c (size before relaxing)
                0x0000000040101590                sdk_system_restart_in_nmi
                0x000000004010165c                sdk_system_rtc_mem_write
                0x00000000401016b0                sdk_system_rtc_mem_read
 .text          0x0000000040101704      0x13f ./build/sdklib/libmain.a(os_cpu_a.o)
                                        0x177 (size before relaxing)
                0x0000000040101704                vPortYield
                0x0000000040101740                sdk__xt_int_enter
                0x0000000040101758                sdk__xt_int_exit
                0x0000000040101780                sdk__xt_timer_int
                0x00000000401017b4                sdk__xt_timer_int1
                0x00000000401017d0                sdk__xt_tick_timer_init
                0x00000000401017f4                sdk__xt_isr_unmask
                0x000000004010180c                sdk__xt_isr_mask
                0x0000000040101824                sdk__xt_read_ints
                0x0000000040101834                sdk__xt_clear_ints
 *fill*         0x0000000040101843        0x1 
 .text          0x0000000040101844        0xb ./build/sdklib/libnet80211.a(wl_chm.o)
                0x0000000040101848                sdk_chm_get_current_channel
 *fill*         0x000000004010184f        0x1 
 .text          0x0000000040101850       0x4f ./build/sdklib/libphy.a(phy.o)
                                         0x53 (size before relaxing)
                0x0000000040101858                sdk_register_phy_ops
                0x0000000040101878                sdk_phy_change_channel
                0x0000000040101894                sdk_phy_get_mactime
 *fill*         0x000000004010189f        0x1 
 .text          0x00000000401018a0       0xf7 ./build/sdklib/libphy.a(phy_sleep.o)
                                        0x103 (size before relaxing)
                0x00000000401018b4                sdk_pm_rtc_clock_cali
                0x000000004010196c                sdk_clockgate_watchdog
 *fill*         0x0000000040101997        0x1 
 .text          0x0000000040101998       0x94 ./build/sdklib/libpp.a(esf_buf.o)
                                         0xb4 (size before relaxing)
                0x000000004010199c                sdk_esf_rx_buf_alloc
 .text          0x0000000040101a2c     0x14e4 ./build/sdklib/libpp.a(lmac.o)
                                       0x187c (size before relaxing)
                0x0000000040101a30                sdk_lmacIsActive
                0x0000000040101a44                sdk_lmacIsIdle
                0x0000000040101e90                sdk_lmacSetAcParam
                0x0000000040101f2c                sdk_lmacProcessTXStartData
                0x00000000401020d4                sdk_lmacProcessTxSuccess
                0x000000004010221c                sdk_GetAccess
                0x0000000040102228                sdk_lmacDiscardAgedMSDU
                0x000000004010223c                sdk_lmacRecycleMPDU
                0x000000004010271c                sdk_lmacProcessCollisions
                0x0000000040102778                sdk_lmacProcessCollision
                0x00000000401027fc                sdk_lmacMSDUAged
                0x0000000040102b80                sdk_lmacProcessCtsTimeout
                0x0000000040102bc8                sdk_lmacProcessAckTimeout
                0x0000000040102c1c                sdk_lmacProcessRtsStart
                0x0000000040102c28                sdk_lmacProcessTxRtsError
                0x0000000040102cc0                sdk_lmacProcessTxError
                0x0000000040102d44                sdk_lmacTxFrame
                0x0000000040102ef8                sdk_lmacRxDone
 .text          0x0000000040102f10      0xe5c ./build/sdklib/libpp.a(pp.o)
                                       0x103c (size before relaxing)
                0x0000000040102f40                sdk_pp_soft_wdt_feed
                0x0000000040103054                sdk_ppProcessTxQ
                0x0000000040103144                sdk_ppFetchTxQFirstAvail
                0x0000000040103184                sdk_ppDequeueTxQ
                0x00000000401031ac                sdk_ppRollBackTxQ
                0x00000000401031d0                sdk_ppRecordBarRRC
                0x00000000401031e0                sdk_ppTxqUpdateBitmap
                0x0000000040103204                sdk_ppEnqueueTxDone
                0x0000000040103238                sdk_ppEnqueueRxq
                0x0000000040103a00                sdk_ppDiscardMPDU
                0x0000000040103a30                sdk_MacIsrSigPostDefHdl
                0x0000000040103b1c                sdk_pp_post
                0x0000000040103c18                sdk_ppCalTxop
                0x0000000040103cfc                sdk_ppCalFrameTimes
 .text          0x0000000040103d6c       0xf5 ./build/sdklib/libpp.a(rate_control.o)
                                        0x109 (size before relaxing)
                0x0000000040103d8c                sdk_RC_GetAckRate
                0x0000000040103d98                sdk_RC_GetRtsRate
                0x0000000040103da8                sdk_RC_GetAckTime
                0x0000000040103dbc                sdk_RC_GetCtsTime
                0x0000000040103df4                sdk_RC_GetBlockAckTime
 *fill*         0x0000000040103e61        0x3 
 .text          0x0000000040103e64      0x7f9 ./build/sdklib/libpp.a(trc.o)
                                        0x81d (size before relaxing)
                0x0000000040103fdc                sdk_rcUpdateTxDone
                0x0000000040104070                sdk_rcUpdateRxDone
                0x00000000401040cc                sdk_rcUpdateDataRxDone
                0x00000000401040e4                sdk_rcGetSched
                0x000000004010418c                sdk_rcGetRate
                0x0000000040104590                sdk_rcReachRetryLimit
                0x00000000401045a8                sdk_trc_NeedRTS
 *fill*         0x000000004010465d        0x3 
 .text          0x0000000040104660     0x114f ./build/sdklib/libpp.a(wdev.o)
                                       0x1473 (size before relaxing)
                0x00000000401049b4                sdk_wDev_MacTimSetFunc
                0x00000000401049d4                sdk_wDev_MacTimArm
                0x0000000040104a78                sdk_wDev_MacTim1Arm
                0x0000000040104b54                sdk_wDev_ProcessFiq
                0x0000000040104ef8                sdk_wDev_EnableTransmit
                0x0000000040104f3c                sdk_wDev_DisableTransmit
                0x0000000040104f5c                sdk_Tx_Copy2Queue
                0x0000000040104fa4                sdk_wDev_ProcessCollision
                0x0000000040104fc8                sdk_wDev_GetTxqCollisions
                0x0000000040104fd8                sdk_wDev_ClearTxqCollisions
                0x0000000040104ff4                sdk_wDev_SetWaitingQueue
                0x0000000040105040                sdk_wDev_ClearWaitingQueue
                0x0000000040105060                sdk_wDev_SetFrameAckType
                0x00000000401050c4                sdk_wDev_AppendRxBlocks
                0x000000004010526c                sdk_wDev_AppendRxAmpduLensBlocks
                0x00000000401053a4                sdk_wDev_GetBAInfo
 *fill*         0x00000000401057af        0x0 
 *fill*         0x00000000401057af        0x1 
 .text          0x00000000401057b0       0x3d ./build/sdklib/libmain.a(xtensa_context.o)
                0x00000000401057b0                sdk__xt_context_save
                0x00000000401057cc                sdk__xt_context_restore
 *fill*         0x00000000401057ed        0x3 
 .text          0x00000000401057f0       0x25 ./build/sdklib/libnet80211.a(ieee80211_hostap.o)
 *fill*         0x0000000040105815        0x0 
 *fill*         0x0000000040105815        0x0 
 *fill*         0x0000000040105815        0x3 
 .text          0x0000000040105818        0x2 ./build/sdklib/libphy.a(phy_chip_v6.o)
                0x0000000040105818                sdk_ram_tx_mac_disable
 *fill*         0x000000004010581a        0x0 
 *fill*         0x000000004010581a        0x0 
 *fill*         0x000000004010581a        0x0 
 *fill*         0x000000004010581a        0x0 
 *fill*         0x000000004010581a        0x2 
 .text          0x000000004010581c       0x11 ./build/sdklib/libwpa.a(wpa_auth.o)
 *libgcc.a:*i3.o(.literal .text .literal.* .text.*)
 *fill*         0x000000004010582d        0x3 
 .literal       0x0000000040105830        0x0 /home/bjarne/workspace/ESP8266/esp-open-sdk/xtensa-lx106-elf/lib/gcc/xtensa-lx106-elf/4.8.5/libgcc.a(_muldi3.o)
                                          0x4 (size before relaxing)
 .literal       0x0000000040105830        0x0 /home/bjarne/workspace/ESP8266/esp-open-sdk/xtensa-lx106-elf/lib/gcc/xtensa-lx106-elf/4.8.5/libgcc.a(_divdi3.o)
                                         0x48 (size before relaxing)
 .literal       0x0000000040105830        0x0 /home/bjarne/workspace/ESP8266/esp-open-sdk/xtensa-lx106-elf/lib/gcc/xtensa-lx106-elf/4.8.5/libgcc.a(_umoddi3.o)
                                         0x40 (size before relaxing)
 .literal       0x0000000040105830        0x4 ../../esp-open-rtos/libc/xtensa-lx106-elf/lib/libc.a(lib_a-malloc.o)
                                         0x10 (size before relaxing)
 .literal       0x0000000040105834        0x8 ../../esp-open-rtos/libc/xtensa-lx106-elf/lib/libc.a(lib_a-nano-mallocr.o)
                                         0x20 (size before relaxing)
 .literal       0x000000004010583c        0x0 ../../esp-open-rtos/libc/xtensa-lx106-elf/lib/libc.a(lib_a-nano-freer.o)
                                          0xc (size before relaxing)
 .literal       0x000000004010583c       0x24 ../../esp-open-rtos/libc/xtensa-lx106-elf/lib/libc.a(lib_a-rand.o)
                                         0x58 (size before relaxing)
 .literal       0x0000000040105860        0x4 ../../esp-open-rtos/libc/xtensa-lx106-elf/lib/libc.a(lib_a-mlock.o)
                                         0x10 (size before relaxing)
 .literal       0x0000000040105864        0x0 ../../esp-open-rtos/libc/xtensa-lx106-elf/lib/libc.a(lib_a-printf.o)
                                         0x14 (size before relaxing)
 .literal       0x0000000040105864        0x0 ../../esp-open-rtos/libc/xtensa-lx106-elf/lib/libc.a(lib_a-sprintf.o)
                                         0x14 (size before relaxing)
 .literal       0x0000000040105864        0x0 ../../esp-open-rtos/libc/xtensa-lx106-elf/lib/libc.a(lib_a-fprintf.o)
                                          0xc (size before relaxing)
 .literal       0x0000000040105864       0x20 ../../esp-open-rtos/libc/xtensa-lx106-elf/lib/libc.a(lib_a-nano-svfprintf.o)
                                         0x54 (size before relaxing)
 .literal       0x0000000040105884       0x28 ../../esp-open-rtos/libc/xtensa-lx106-elf/lib/libc.a(lib_a-nano-vfprintf.o)
                                         0x60 (size before relaxing)
 .literal       0x00000000401058ac       0x34 ../../esp-open-rtos/libc/xtensa-lx106-elf/lib/libc.a(lib_a-findfp.o)
                                         0x80 (size before relaxing)
 .literal       0x00000000401058e0        0x8 ../../esp-open-rtos/libc/xtensa-lx106-elf/lib/libc.a(lib_a-fputwc.o)
                                         0x2c (size before relaxing)
 .text          0x00000000401058e8       0x36 /home/bjarne/workspace/ESP8266/esp-open-sdk/xtensa-lx106-elf/lib/gcc/xtensa-lx106-elf/4.8.5/libgcc.a(_muldi3.o)
                0x00000000401058e8                __muldi3
 *fill*         0x000000004010591e        0x2 
 .text          0x0000000040105920      0x3eb /home/bjarne/workspace/ESP8266/esp-open-sdk/xtensa-lx106-elf/lib/gcc/xtensa-lx106-elf/4.8.5/libgcc.a(_divdi3.o)
                                        0x41b (size before relaxing)
                0x0000000040105920                __divdi3
 *fill*         0x0000000040105d0b        0x1 
 .text          0x0000000040105d0c      0x33a /home/bjarne/workspace/ESP8266/esp-open-sdk/xtensa-lx106-elf/lib/gcc/xtensa-lx106-elf/4.8.5/libgcc.a(_umoddi3.o)
                                        0x366 (size before relaxing)
                0x0000000040105d0c                __umoddi3
 *fill*         0x0000000040106046        0x2 
 .text          0x0000000040106048       0x64 /home/bjarne/workspace/ESP8266/esp-open-sdk/xtensa-lx106-elf/lib/gcc/xtensa-lx106-elf/4.8.5/libgcc.a(_divsi3.o)
                0x0000000040106048                __divsi3
 .text          0x00000000401060ac       0x49 /home/bjarne/workspace/ESP8266/esp-open-sdk/xtensa-lx106-elf/lib/gcc/xtensa-lx106-elf/4.8.5/libgcc.a(_modsi3.o)
                0x00000000401060ac                __modsi3
 *fill*         0x00000000401060f5        0x3 
 .text          0x00000000401060f8       0x4c /home/bjarne/workspace/ESP8266/esp-open-sdk/xtensa-lx106-elf/lib/gcc/xtensa-lx106-elf/4.8.5/libgcc.a(_udivsi3.o)
                0x00000000401060f8                __udivsi3
 .text          0x0000000040106144       0x39 /home/bjarne/workspace/ESP8266/esp-open-sdk/xtensa-lx106-elf/lib/gcc/xtensa-lx106-elf/4.8.5/libgcc.a(_umodsi3.o)
                0x0000000040106144                __umodsi3
 *fill*         0x000000004010617d        0x3 
 .text          0x0000000040106180       0x18 /home/bjarne/workspace/ESP8266/esp-open-sdk/xtensa-lx106-elf/lib/gcc/xtensa-lx106-elf/4.8.5/libgcc.a(_ashrdi3.o)
                0x0000000040106180                __ashrdi3
 *fill*         0x0000000040106198        0x0 
 *fill*         0x0000000040106198        0x0 
 *fill*         0x0000000040106198        0x0 
 .text          0x0000000040106198       0x48 /home/bjarne/workspace/ESP8266/esp-open-sdk/xtensa-lx106-elf/lib/gcc/xtensa-lx106-elf/4.8.5/libgcc.a(_umulsidi3.o)
                0x0000000040106198                __umulsidi3
 *libc.a:*malloc.o(.literal .text .literal.* .text.*)
 .text          0x00000000401061e0       0x35 ../../esp-open-rtos/libc/xtensa-lx106-elf/lib/libc.a(lib_a-malloc.o)
                0x00000000401061e0                malloc
                0x00000000401061fc                free
 *libc.a:*mallocr.o(.literal .text .literal.* .text.*)
 *fill*         0x0000000040106215        0x3 
 .text          0x0000000040106218       0xed ../../esp-open-rtos/libc/xtensa-lx106-elf/lib/libc.a(lib_a-nano-mallocr.o)
                                         0xf1 (size before relaxing)
                0x0000000040106218                _malloc_r
 *fill*         0x0000000040106305        0x0 
 *libc.a:*freer.o(.literal .text .literal.* .text.*)
 *fill*         0x0000000040106305        0x3 
 .text          0x0000000040106308       0xb1 ../../esp-open-rtos/libc/xtensa-lx106-elf/lib/libc.a(lib_a-nano-freer.o)
                0x0000000040106308                _free_r
 *fill*         0x00000000401063b9        0x0 
 *libc.a:*memcpy.o(.literal .text .literal.* .text.*)
 *fill*         0x00000000401063b9        0x3 
 .text          0x00000000401063bc      0x145 ../../esp-open-rtos/libc/xtensa-lx106-elf/lib/libc.a(lib_a-memcpy.o)
                0x0000000040106400                memcpy
 *libc.a:*memset.o(.literal .text .literal.* .text.*)
 *fill*         0x0000000040106501        0x3 
 .text          0x0000000040106504       0x7c ../../esp-open-rtos/libc/xtensa-lx106-elf/lib/libc.a(lib_a-memset.o)
                0x0000000040106530                memset
 *libc.a:*memcmp.o(.literal .text .literal.* .text.*)
 .text          0x0000000040106580       0x23 ../../esp-open-rtos/libc/xtensa-lx106-elf/lib/libc.a(lib_a-memcmp.o)
                0x0000000040106580                memcmp
 *libc.a:*memmove.o(.literal .text .literal.* .text.*)
 *fill*         0x00000000401065a3        0x1 
 .text          0x00000000401065a4       0x3b ../../esp-open-rtos/libc/xtensa-lx106-elf/lib/libc.a(lib_a-memmove.o)
                0x00000000401065a4                memmove
 *libc.a:*rand.o(.literal .text .literal.* .text.*)
 *fill*         0x00000000401065df        0x1 
 .text          0x00000000401065e0       0xdd ../../esp-open-rtos/libc/xtensa-lx106-elf/lib/libc.a(lib_a-rand.o)
                                         0xe1 (size before relaxing)
                0x00000000401065e0                srand
                0x0000000040106644                rand
 *fill*         0x00000000401066bd        0x0 
 *libc.a:*bzero.o(.literal .text .literal.* .text.*)
 *fill*         0x00000000401066bd        0x3 
 .text          0x00000000401066c0       0x12 ../../esp-open-rtos/libc/xtensa-lx106-elf/lib/libc.a(lib_a-bzero.o)
                0x00000000401066c0                bzero
 *libc.a:*lock.o(.literal .text .literal.* .text.*)
 *fill*         0x00000000401066d2        0x2 
 .text          0x00000000401066d4       0x2d ../../esp-open-rtos/libc/xtensa-lx106-elf/lib/libc.a(lib_a-mlock.o)
                0x00000000401066d4                __malloc_lock
                0x00000000401066ec                __malloc_unlock
 *fill*         0x0000000040106701        0x3 
 .text          0x0000000040106704        0x8 ../../esp-open-rtos/libc/xtensa-lx106-elf/lib/libc.a(lock.o)
                0x0000000040106704                _lock_close_recursive
                0x0000000040106704                __dummy_lock
                0x0000000040106704                _lock_init_recursive
                0x0000000040106704                _lock_close
                0x0000000040106704                _lock_init
                0x0000000040106708                __dummy_lock_try
 *libc.a:*printf.o(.literal .text .literal.* .text.*)
 .text          0x000000004010670c       0x99 ../../esp-open-rtos/libc/xtensa-lx106-elf/lib/libc.a(lib_a-printf.o)
                0x000000004010670c                _printf_r
                0x000000004010670c                _iprintf_r
                0x0000000040106758                printf
                0x0000000040106758                iprintf
 *fill*         0x00000000401067a5        0x3 
 .text          0x00000000401067a8       0xb5 ../../esp-open-rtos/libc/xtensa-lx106-elf/lib/libc.a(lib_a-sprintf.o)
                                         0xb9 (size before relaxing)
                0x00000000401067a8                _siprintf_r
                0x00000000401067a8                _sprintf_r
                0x0000000040106800                sprintf
                0x0000000040106800                siprintf
 *fill*         0x000000004010685d        0x3 
 .text          0x0000000040106860       0x57 ../../esp-open-rtos/libc/xtensa-lx106-elf/lib/libc.a(lib_a-fprintf.o)
                                         0x5b (size before relaxing)
                0x0000000040106860                _fprintf_r
                0x0000000040106860                _fiprintf_r
                0x0000000040106884                fprintf
                0x0000000040106884                fiprintf
 *fill*         0x00000000401068b7        0x1 
 .text          0x00000000401068b8      0x4b1 ../../esp-open-rtos/libc/xtensa-lx106-elf/lib/libc.a(lib_a-nano-svfprintf.o)
                                        0x4b5 (size before relaxing)
                0x00000000401068b8                __ssputs_r
                0x00000000401069b0                __ssprint_r
                0x0000000040106ae4                _svfprintf_r
                0x0000000040106ae4                _svfiprintf_r
 *fill*         0x0000000040106d69        0x3 
 .text          0x0000000040106d6c      0x447 ../../esp-open-rtos/libc/xtensa-lx106-elf/lib/libc.a(lib_a-nano-vfprintf.o)
                                        0x44b (size before relaxing)
                0x0000000040106da4                __sfputs_r
                0x0000000040106e14                __sprint_r
                0x0000000040106ea4                _vfiprintf_r
                0x0000000040106ea4                _vfprintf_r
                0x000000004010718c                vfiprintf
                0x000000004010718c                vfprintf
 *fill*         0x00000000401071b3        0x0 
 *fill*         0x00000000401071b3        0x0 
 *fill*         0x00000000401071b3        0x0 
 *fill*         0x00000000401071b3        0x0 
 *fill*         0x00000000401071b3        0x0 
 *libc.a:*findfp.o(.literal .text .literal.* .text.*)
 *fill*         0x00000000401071b3        0x1 
 .text          0x00000000401071b4      0x2ae ../../esp-open-rtos/libc/xtensa-lx106-elf/lib/libc.a(lib_a-findfp.o)
                                        0x2c6 (size before relaxing)
                0x00000000401071b4                _cleanup_r
                0x0000000040107250                __sfmoreglue
                0x0000000040107294                _cleanup
                0x00000000401072a8                __sfp_lock_acquire
                0x00000000401072c0                __sfp_lock_release
                0x00000000401072d8                __sinit_lock_acquire
                0x00000000401072f0                __sinit_lock_release
                0x0000000040107308                __sinit
                0x0000000040107378                __sfp
                0x0000000040107424                __fp_lock_all
                0x0000000040107444                __fp_unlock_all
 *fill*         0x0000000040107462        0x0 
 *libc.a:*fputwc.o(.literal .text .literal.* .text.*)
 *fill*         0x0000000040107462        0x2 
 .text          0x0000000040107464      0x196 ../../esp-open-rtos/libc/xtensa-lx106-elf/lib/libc.a(lib_a-fputwc.o)
                                        0x19e (size before relaxing)
                0x0000000040107464                __fputwc
                0x0000000040107534                _fputwc_r
                0x00000000401075a4                fputwc
 *fill*         0x00000000401075fa        0x0 
 *libhal.a:*set_intset.o(.literal .text .literal.* .text.*)
 *fill*         0x00000000401075fa        0x2 
 .text          0x00000000401075fc        0x5 /home/bjarne/workspace/ESP8266/esp-open-sdk/xtensa-lx106-elf/xtensa-lx106-elf/sysroot/usr/lib/libhal.a(int_asm--set_intset.o)
                0x00000000401075fc                xthal_set_intset
 *(.stub .gnu.warning .gnu.linkonce.literal.* .gnu.linkonce.t.*.literal .gnu.linkonce.t.*)
 *(.fini.literal)
 *(.fini)
 *(.gnu.version)
                0x0000000040107601                _text_end = ABSOLUTE (.)
                0x0000000040107601                _etext = .

.data           0x000000003ffe8000      0x876
                0x000000003ffe8000                _data_start = ABSOLUTE (.)
 *(.data)
 .data          0x000000003ffe8000        0x8 ./build/core.a(spiflash-cache-enable.o)
                0x000000003ffe8000                rboot_megabyte
 .data          0x000000003ffe8008       0xf4 ../../esp-open-rtos/libc/xtensa-lx106-elf/lib/libc.a(lib_a-impure.o)
                0x000000003ffe8008                _impure_ptr
 .data          0x000000003ffe80fc        0x4 ../../esp-open-rtos/libc/xtensa-lx106-elf/lib/libc.a(lib_a-ctype_.o)
                0x000000003ffe80fc                __ctype_ptr__
 .data          0x000000003ffe8100       0x7c ../../esp-open-rtos/libc/xtensa-lx106-elf/lib/libc.a(lib_a-locale.o)
                0x000000003ffe8178                __mb_cur_max
 .data          0x000000003ffe817c        0x4 ../../esp-open-rtos/libc/xtensa-lx106-elf/lib/libc.a(lib_a-wctomb_r.o)
                0x000000003ffe817c                __wctomb
 .data          0x000000003ffe8180        0x4 ./build/sdklib/libmain.a(misc.o)
 .data          0x000000003ffe8184       0x18 ./build/sdklib/libmain.a(spi_flash.o)
                0x000000003ffe8184                sdk_flashchip
 .data          0x000000003ffe819c        0x1 ./build/sdklib/libmain.a(user_interface.o)
                0x000000003ffe819c                sdk_dhcpc_flag
 *fill*         0x000000003ffe819d        0x3 
 .data          0x000000003ffe81a0      0x1a8 ./build/sdklib/libnet80211.a(ieee80211_phy.o)
 .data          0x000000003ffe8348        0x6 ./build/sdklib/libnet80211.a(ieee80211_proto.o)
                0x000000003ffe8348                sdk_ieee80211_addr_bcast
 *fill*         0x000000003ffe834e        0x2 
 .data          0x000000003ffe8350       0x1c ./build/sdklib/libnet80211.a(ieee80211_action.o)
 *fill*         0x000000003ffe836c        0x4 
 .data          0x000000003ffe8370       0x53 ./build/sdklib/libphy.a(phy_chip_v6.o)
                0x000000003ffe8372                sdk_tx_rf_ana_gain
                0x000000003ffe8394                sdk_tx_pwctrl_atten_init_en
                0x000000003ffe83a0                sdk_rx_gain_swp
                0x000000003ffe83c0                sdk_test_rffreq_txcap
 *fill*         0x000000003ffe83c3        0xd 
 .data          0x000000003ffe83d0       0x90 ./build/sdklib/libphy.a(phy_chip_v6_cal.o)
                0x000000003ffe83d0                sdk_dpd_index
                0x000000003ffe8430                sdk_dpd_db2linear
 .data          0x000000003ffe8460        0x4 ./build/sdklib/libphy.a(phy_sleep.o)
                0x000000003ffe8460                sdk_chip_version
 .data          0x000000003ffe8464      0x11c ./build/sdklib/libphy.a(phy_chip_v5_romfunc.o)
                0x000000003ffe8464                sdk_g_phyFuns
                0x000000003ffe8468                sdk_g_phyFuns_instance
 .data          0x000000003ffe8580        0x7 ./build/sdklib/libphy.a(phy_chip_v5_cal_romfunc.o)
 *fill*         0x000000003ffe8587        0x1 
 .data          0x000000003ffe8588        0x1 ./build/sdklib/libpp.a(pm.o)
 *fill*         0x000000003ffe8589        0x3 
 .data          0x000000003ffe858c       0x10 ./build/sdklib/libpp.a(pp.o)
                0x000000003ffe858c                sdk_NoiseTimerInterval
                0x000000003ffe8594                sdk_sleep_start_wait_time
 *fill*         0x000000003ffe859c        0x4 
 .data          0x000000003ffe85a0       0x40 ./build/sdklib/libpp.a(rate_control.o)
 .data          0x000000003ffe85e0      0x22c ./build/sdklib/libpp.a(trc.o)
 *fill*         0x000000003ffe880c        0x4 
 .data          0x000000003ffe8810       0x10 ./build/sdklib/libpp.a(wdev.o)
 .data          0x000000003ffe8820       0x18 ./build/sdklib/libnet80211.a(ieee80211_crypto_ccmp.o)
                0x000000003ffe8820                sdk_ccmp
 .data          0x000000003ffe8838       0x18 ./build/sdklib/libnet80211.a(ieee80211_crypto_tkip.o)
                0x000000003ffe8838                sdk_tkip
 .data          0x000000003ffe8850       0x18 ./build/sdklib/libnet80211.a(ieee80211_crypto_wep.o)
                0x000000003ffe8850                sdk_wep
 *(.data.*)
 .data.xNextTaskUnblockTime
                0x000000003ffe8868        0x4 ./build/freertos.a(tasks.o)
 .data.xid$3738
                0x000000003ffe886c        0x4 ./build/lwip.a(dhcp.o)
 .data.iss$4711
                0x000000003ffe8870        0x4 ./build/lwip.a(tcp.o)
 .data.udp_port
                0x000000003ffe8874        0x2 ./build/lwip.a(udp.o)
 *(.gnu.linkonce.d.*)
 *(.data1)
 *(.sdata)
 *(.sdata.*)
 *(.gnu.linkonce.s.*)
 *(.sdata2)
 *(.sdata2.*)
 *(.gnu.linkonce.s2.*)
 *(.jcr)
                0x000000003ffe8876                _data_end = ABSOLUTE (.)

.rodata         0x000000003ffe8878      0x7af
                0x000000003ffe8878                _rodata_start = ABSOLUTE (.)
 *core.a:*(.rodata.* .rodata)
 .rodata        0x000000003ffe8878       0x1c ./build/core.a(exception_vectors.o)
 .rodata.str1.4
                0x000000003ffe8894      0x170 ./build/core.a(app_main.o)
 .rodata.CSWTCH$28
                0x000000003ffe8a04       0x10 ./build/core.a(app_main.o)
 .rodata.CSWTCH$27
                0x000000003ffe8a14       0x40 ./build/core.a(app_main.o)
 .rodata.str1.4
                0x000000003ffe8a54      0x1cc ./build/core.a(debug_dumps.o)
 *libc.a:*.o(.rodata.* .rodata)
 .rodata        0x000000003ffe8c20        0x4 ../../esp-open-rtos/libc/xtensa-lx106-elf/lib/libc.a(lib_a-impure.o)
                0x000000003ffe8c20                _global_impure_ptr
 .rodata.str1.1
                0x000000003ffe8c24        0x2 ../../esp-open-rtos/libc/xtensa-lx106-elf/lib/libc.a(lib_a-impure.o)
 .rodata.str1.1
                0x000000003ffe8c26       0x21 ../../esp-open-rtos/libc/xtensa-lx106-elf/lib/libc.a(lib_a-mstats.o)
 .rodata.str1.1
                0x000000003ffe8c47       0x4b ../../esp-open-rtos/libc/xtensa-lx106-elf/lib/libc.a(lib_a-nano-mallstatsr.o)
 .rodata.str1.1
                0x000000003ffe8c92       0x12 ../../esp-open-rtos/libc/xtensa-lx106-elf/lib/libc.a(lib_a-nano-vfprintf_float.o)
 .rodata.str1.1
                0x000000003ffe8ca4       0x22 ../../esp-open-rtos/libc/xtensa-lx106-elf/lib/libc.a(lib_a-nano-vfprintf_i.o)
 .rodata.str1.1
                0x000000003ffe8cc6        0x5 ../../esp-open-rtos/libc/xtensa-lx106-elf/lib/libc.a(lib_a-nano-vfscanf_float.o)
 .rodata.str1.1
                0x000000003ffe8ccb        0x5 ../../esp-open-rtos/libc/xtensa-lx106-elf/lib/libc.a(lib_a-puts.o)
                                          0x2 (size before relaxing)
 .rodata.str1.1
                0x000000003ffe8ccb        0x5 ../../esp-open-rtos/libc/xtensa-lx106-elf/lib/libc.a(lib_a-strtod.o)
                                          0xc (size before relaxing)
 *fill*         0x000000003ffe8ccb        0x5 
 .rodata        0x000000003ffe8cd0       0x70 ../../esp-open-rtos/libc/xtensa-lx106-elf/lib/libc.a(lib_a-strtod.o)
 .rodata        0x000000003ffe8d40      0x101 ../../esp-open-rtos/libc/xtensa-lx106-elf/lib/libc.a(lib_a-ctype_.o)
                0x000000003ffe8d40                _ctype_
 .rodata.str1.1
                0x000000003ffe8e41        0xd ../../esp-open-rtos/libc/xtensa-lx106-elf/lib/libc.a(lib_a-dtoa.o)
                                          0xf (size before relaxing)
 *fill*         0x000000003ffe8e4e        0x2 
 .rodata        0x000000003ffe8e50       0x60 ../../esp-open-rtos/libc/xtensa-lx106-elf/lib/libc.a(lib_a-findfp.o)
                0x000000003ffe8e50                __sf_fake_stderr
                0x000000003ffe8e70                __sf_fake_stdout
                0x000000003ffe8e90                __sf_fake_stdin
 .rodata.str1.1
                0x000000003ffe8eb0        0x8 ../../esp-open-rtos/libc/xtensa-lx106-elf/lib/libc.a(lib_a-locale.o)
                                          0xb (size before relaxing)
 .rodata        0x000000003ffe8eb8      0x128 ../../esp-open-rtos/libc/xtensa-lx106-elf/lib/libc.a(lib_a-mprec.o)
                0x000000003ffe8ec8                __mprec_tinytens
                0x000000003ffe8ef0                __mprec_bigtens
                0x000000003ffe8f18                __mprec_tens
 .rodata.str1.1
                0x000000003ffe8fe0       0x11 ../../esp-open-rtos/libc/xtensa-lx106-elf/lib/libc.a(lib_a-nano-svfprintf.o)
 .rodata.str1.1
                0x000000003ffe8ff1       0x11 ../../esp-open-rtos/libc/xtensa-lx106-elf/lib/libc.a(lib_a-nano-vfprintf.o)
 *freertos.a:*(.rodata.* .rodata)
 *fill*         0x000000003ffe8ff1        0x3 
 .rodata.str1.4
                0x000000003ffe8ff4        0x5 ./build/freertos.a(tasks.o)
 *fill*         0x000000003ffe8ff9        0x3 
 .rodata.ucExpectedStackBytes$3369
                0x000000003ffe8ffc       0x14 ./build/freertos.a(tasks.o)
 .rodata.str1.4
                0x000000003ffe9010        0x8 ./build/freertos.a(timers.o)
 *libmain.a:spi_flash.o(.rodata.* .rodata)
 *libpp.a:wdev.o(.rodata.* .rodata)
 .rodata.str1.4
                0x000000003ffe9018        0xf ./build/sdklib/libpp.a(wdev.o)
                0x000000003ffe9027                _rodata_end = ABSOLUTE (.)

.bss            0x000000003ffe9028     0x8328
                0x000000003ffe9028                . = ALIGN (0x8)
                0x000000003ffe9028                _bss_start = ABSOLUTE (.)
 *(.dynsbss)
 *(.sbss)
 *(.sbss.*)
 *(.gnu.linkonce.sb.*)
 *(.scommon)
 *(.sbss2)
 *(.sbss2.*)
 *(.gnu.linkonce.sb2.*)
 *(.dynbss)
 *(.bss)
 *fill*         0x000000003ffe9028        0x8 
 .bss           0x000000003ffe9030      0x214 ./build/core.a(exception_vectors.o)
 .bss           0x000000003ffe9244       0x28 ../../esp-open-rtos/libc/xtensa-lx106-elf/lib/libc.a(lib_a-nano-mallinfor.o)
                0x000000003ffe9244                __malloc_current_mallinfo
 .bss           0x000000003ffe926c        0x8 ../../esp-open-rtos/libc/xtensa-lx106-elf/lib/libc.a(lib_a-nano-mallocr.o)
                0x000000003ffe926c                __malloc_sbrk_start
                0x000000003ffe9270                __malloc_free_list
 .bss           0x000000003ffe9274        0x8 ../../esp-open-rtos/libc/xtensa-lx106-elf/lib/libc.a(lib_a-findfp.o)
 .bss           0x000000003ffe927c        0x4 ../../esp-open-rtos/libc/xtensa-lx106-elf/lib/libc.a(lib_a-mlock.o)
 .bss           0x000000003ffe9280       0x40 ./build/sdklib/libmain.a(ets_timer.o)
                0x000000003ffe9288                sdk_debug_timer
                0x000000003ffe928c                sdk_debug_timerfn
 .bss           0x000000003ffe92c0        0x4 ./build/sdklib/libmain.a(misc.o)
                0x000000003ffe92c0                sdk__putc1
 *fill*         0x000000003ffe92c4        0xc 
 .bss           0x000000003ffe92d0      0x131 ./build/sdklib/libmain.a(user_interface.o)
                0x000000003ffe93c9                sdk_cpu_overclock
                0x000000003ffe93cc                sdk_rst_if
                0x000000003ffe93ec                sdk_promiscuous_cb
 *fill*         0x000000003ffe9401        0x3 
 .bss           0x000000003ffe9404        0x5 ./build/sdklib/libmain.a(timers.o)
 *fill*         0x000000003ffe9409        0x3 
 .bss           0x000000003ffe940c      0x54c ./build/sdklib/libnet80211.a(ieee80211.o)
                0x000000003ffe940c                sdk_g_ic
                0x000000003ffe9954                sdk_xieee80211Queue
 .bss           0x000000003ffe9958       0x28 ./build/sdklib/libnet80211.a(ieee80211_hostap.o)
                0x000000003ffe9978                sdk_TmpSTAAPCloseAP
                0x000000003ffe9979                sdk_PendFreeBcnEb
 .bss           0x000000003ffe9980       0xe4 ./build/sdklib/libnet80211.a(ieee80211_scan.o)
                0x000000003ffe9980                sdk_gScanStruct
                0x000000003ffe9a44                sdk_auth_type
                0x000000003ffe9a46                sdk_scannum
 .bss           0x000000003ffe9a64       0x44 ./build/sdklib/libnet80211.a(wl_chm.o)
 .bss           0x000000003ffe9aa8      0x780 ./build/sdklib/libnet80211.a(wl_cnx.o)
                0x000000003ffea208                sdk_sta_con_timer
                0x000000003ffea224                sdk_g_cnx_probe_rc_list_cb
 .bss           0x000000003ffea228        0x4 ./build/sdklib/libphy.a(phy.o)
 *fill*         0x000000003ffea22c        0x4 
 .bss           0x000000003ffea230      0x38b ./build/sdklib/libphy.a(phy_chip_v6.o)
                0x000000003ffea230                sdk_rxiq_compute_num
                0x000000003ffea234                sdk_rxdc_init_flag
                0x000000003ffea238                sdk_check_result
                0x000000003ffea23c                sdk_chip6_sleep_params
                0x000000003ffea414                sdk_chip6_phy_init_ctrl
                0x000000003ffea482                sdk_phy_freq_offset
                0x000000003ffea484                sdk_do_pwctrl_flag
                0x000000003ffea485                sdk_pwctrl_debug
                0x000000003ffea486                sdk_txbk_dpdby_flag
                0x000000003ffea488                sdk_sw_scan_mode
                0x000000003ffea49c                sdk_periodic_cal_dc_num
                0x000000003ffea4a0                sdk_periodic_cal_flag
                0x000000003ffea4a1                sdk_bbpll_cal_flag
                0x000000003ffea4a2                sdk_deep_sleep_en
                0x000000003ffea4a8                sdk_noise_array
                0x000000003ffea5b0                sdk_tx_pwctrl_atten_init
 *fill*         0x000000003ffea5bb        0x1 
 .bss           0x000000003ffea5bc        0x6 ./build/sdklib/libphy.a(phy_chip_v6_cal.o)
                0x000000003ffea5bc                sdk_loop_pwctrl_pwdet_error_accum_high_power
                0x000000003ffea5be                sdk_tx_pwctrl_pk_num
                0x000000003ffea5bf                sdk_loop_pwctrl_correct_atten_high_power
                0x000000003ffea5c0                sdk_tx_pwctrl_set_chan_flag
                0x000000003ffea5c1                sdk_rxiq_cover_fail_num
 *fill*         0x000000003ffea5c2        0x2 
 .bss           0x000000003ffea5c4        0x4 ./build/sdklib/libphy.a(phy_sleep.o)
                0x000000003ffea5c4                sdk_periodic_cal_sat
                0x000000003ffea5c5                sdk_software_slp_reject
                0x000000003ffea5c6                sdk_SDIO_slp_reject
                0x000000003ffea5c7                sdk_hardware_reject
 *fill*         0x000000003ffea5c8        0x8 
 .bss           0x000000003ffea5d0     0x11e8 ./build/sdklib/libpp.a(esf_buf.o)
 *fill*         0x000000003ffeb7b8        0x8 
 .bss           0x000000003ffeb7c0       0x30 ./build/sdklib/libpp.a(if_hwctrl.o)
                0x000000003ffeb7c0                sdk_interface_mask
                0x000000003ffeb7d0                sdk_if_ctrl
 .bss           0x000000003ffeb7f0      0x150 ./build/sdklib/libpp.a(lmac.o)
                0x000000003ffeb7f4                sdk_lmacConfMib
 .bss           0x000000003ffeb940      0x149 ./build/sdklib/libpp.a(pm.o)
 *fill*         0x000000003ffeba89        0x7 
 .bss           0x000000003ffeba90      0x352 ./build/sdklib/libpp.a(pp.o)
                0x000000003ffebab8                sdk_pend_flag_noise_check
                0x000000003ffebac0                sdk_pend_flag_periodic_cal
                0x000000003ffebae4                sdk_dbg_stop_sw_wdt
                0x000000003ffebae5                sdk_dbg_stop_hw_wdt
 *fill*         0x000000003ffebde2        0xe 
 .bss           0x000000003ffebdf0      0x100 ./build/sdklib/libpp.a(rate_control.o)
 .bss           0x000000003ffebef0      0x268 ./build/sdklib/libpp.a(trc.o)
 *fill*         0x000000003ffec158        0x8 
 .bss           0x000000003ffec160     0x4721 ./build/sdklib/libpp.a(wdev.o)
                0x000000003ffec160                sdk_wDevCtrl
                0x000000003ffec304                sdk_NMIIrqIsOn
                0x000000003ffec308                sdk_WdevTimOffSet
 *fill*         0x000000003fff0881        0xf 
 .bss           0x000000003fff0890      0x27a ./build/sdklib/libwpa.a(wpa.o)
 *fill*         0x000000003fff0b0a        0x6 
 .bss           0x000000003fff0b10       0xb0 ./build/sdklib/libwpa.a(aes-internal-dec.o)
 .bss           0x000000003fff0bc0        0x8 ./build/sdklib/libnet80211.a(ieee80211_crypto_tkip.o)
 *(.bss.*)
 .bss.uxTaskNumber
                0x000000003fff0bc8        0x4 ./build/freertos.a(tasks.o)
 .bss.xNumOfOverflows
                0x000000003fff0bcc        0x4 ./build/freertos.a(tasks.o)
 .bss.xYieldPending
                0x000000003fff0bd0        0x4 ./build/freertos.a(tasks.o)
 .bss.uxPendedTicks
                0x000000003fff0bd4        0x4 ./build/freertos.a(tasks.o)
 .bss.uxSchedulerSuspended
                0x000000003fff0bd8        0x4 ./build/freertos.a(tasks.o)
 .bss.xSchedulerRunning
                0x000000003fff0bdc        0x4 ./build/freertos.a(tasks.o)
 .bss.uxTopReadyPriority
                0x000000003fff0be0        0x4 ./build/freertos.a(tasks.o)
 .bss.xTickCount
                0x000000003fff0be4        0x4 ./build/freertos.a(tasks.o)
 .bss.uxCurrentNumberOfTasks
                0x000000003fff0be8        0x4 ./build/freertos.a(tasks.o)
 .bss.xIdleTaskHandle
                0x000000003fff0bec        0x4 ./build/freertos.a(tasks.o)
 .bss.xSuspendedTaskList
                0x000000003fff0bf0       0x14 ./build/freertos.a(tasks.o)
 .bss.uxTasksDeleted
                0x000000003fff0c04        0x4 ./build/freertos.a(tasks.o)
 .bss.xTasksWaitingTermination
                0x000000003fff0c08       0x14 ./build/freertos.a(tasks.o)
 .bss.xPendingReadyList
                0x000000003fff0c1c       0x14 ./build/freertos.a(tasks.o)
 .bss.pxOverflowDelayedTaskList
                0x000000003fff0c30        0x4 ./build/freertos.a(tasks.o)
 .bss.pxDelayedTaskList
                0x000000003fff0c34        0x4 ./build/freertos.a(tasks.o)
 .bss.xDelayedTaskList2
                0x000000003fff0c38       0x14 ./build/freertos.a(tasks.o)
 .bss.xDelayedTaskList1
                0x000000003fff0c4c       0x14 ./build/freertos.a(tasks.o)
 .bss.pxReadyTasksLists
                0x000000003fff0c60      0x12c ./build/freertos.a(tasks.o)
 .bss.pxCurrentTCB
                0x000000003fff0d8c        0x4 ./build/freertos.a(tasks.o)
                0x000000003fff0d8c                pxCurrentTCB
 .bss.xLastTime$3236
                0x000000003fff0d90        0x4 ./build/freertos.a(timers.o)
 .bss.xTimerTaskHandle
                0x000000003fff0d94        0x4 ./build/freertos.a(timers.o)
 .bss.xTimerQueue
                0x000000003fff0d98        0x4 ./build/freertos.a(timers.o)
 .bss.pxOverflowTimerList
                0x000000003fff0d9c        0x4 ./build/freertos.a(timers.o)
 .bss.pxCurrentTimerList
                0x000000003fff0da0        0x4 ./build/freertos.a(timers.o)
 .bss.xActiveTimerList2
                0x000000003fff0da4       0x14 ./build/freertos.a(timers.o)
 .bss.xActiveTimerList1
                0x000000003fff0db8       0x14 ./build/freertos.a(timers.o)
 .bss.uxCriticalNesting
                0x000000003fff0dcc        0x4 ./build/freertos.a(port.o)
 .bss.pending_maclayer_sv
                0x000000003fff0dd0        0x4 ./build/freertos.a(port.o)
 .bss.pending_soft_sv
                0x000000003fff0dd4        0x4 ./build/freertos.a(port.o)
 .bss.mbox      0x000000003fff0dd8        0x4 ./build/lwip.a(tcpip.o)
 .bss.tcpip_init_done_arg
                0x000000003fff0ddc        0x4 ./build/lwip.a(tcpip.o)
 .bss.tcpip_init_done
                0x000000003fff0de0        0x4 ./build/lwip.a(tcpip.o)
 .bss.tcp_timer_ctr
                0x000000003fff0de4        0x1 ./build/lwip.a(tcp.o)
 .bss.tcp_timer
                0x000000003fff0de5        0x1 ./build/lwip.a(tcp.o)
 *fill*         0x000000003fff0de6        0x2 
 .bss.dns_payload
                0x000000003fff0de8        0x4 ./build/lwip.a(dns.o)
 .bss.dns_payload_buffer
                0x000000003fff0dec      0x203 ./build/lwip.a(dns.o)
 *fill*         0x000000003fff0fef        0x1 
 .bss.dns_servers
                0x000000003fff0ff0        0x8 ./build/lwip.a(dns.o)
 .bss.dns_table
                0x000000003fff0ff8       0x98 ./build/lwip.a(dns.o)
 .bss.dns_pcb   0x000000003fff1090        0x4 ./build/lwip.a(dns.o)
 .bss.netif_num
                0x000000003fff1094        0x1 ./build/lwip.a(netif.o)
 *fill*         0x000000003fff1095        0x3 
 .bss.tcpip_tcp_timer_active
                0x000000003fff1098        0x4 ./build/lwip.a(timers.o)
 .bss.next_timeout
                0x000000003fff109c        0x4 ./build/lwip.a(timers.o)
 .bss.ip_id     0x000000003fff10a0        0x2 ./build/lwip.a(ip.o)
 .bss.etharp_cached_entry
                0x000000003fff10a2        0x1 ./build/lwip.a(etharp.o)
 *fill*         0x000000003fff10a3        0x1 
 .bss.arp_table
                0x000000003fff10a4       0xc8 ./build/lwip.a(etharp.o)
 .bss.raw_pcbs  0x000000003fff116c        0x4 ./build/lwip.a(raw.o)
 .bss.recv_data
                0x000000003fff1170        0x4 ./build/lwip.a(tcp_in.o)
 .bss.recv_flags
                0x000000003fff1174        0x1 ./build/lwip.a(tcp_in.o)
 *fill*         0x000000003fff1175        0x1 
 .bss.tcplen    0x000000003fff1176        0x2 ./build/lwip.a(tcp_in.o)
 .bss.flags     0x000000003fff1178        0x1 ./build/lwip.a(tcp_in.o)
 *fill*         0x000000003fff1179        0x3 
 .bss.ackno     0x000000003fff117c        0x4 ./build/lwip.a(tcp_in.o)
 .bss.seqno     0x000000003fff1180        0x4 ./build/lwip.a(tcp_in.o)
 .bss.iphdr     0x000000003fff1184        0x4 ./build/lwip.a(tcp_in.o)
 .bss.tcphdr    0x000000003fff1188        0x4 ./build/lwip.a(tcp_in.o)
 .bss.inseg     0x000000003fff118c       0x10 ./build/lwip.a(tcp_in.o)
 .bss.heap_end$2134
                0x000000003fff119c        0x4 ./build/core.a(newlib_syscalls.o)
 *(.gnu.linkonce.b.*)
 *(COMMON)
 COMMON         0x000000003fff11a0       0x41 ./build/core.a(esp_interrupts.o)
                0x000000003fff11a0                isr
                0x000000003fff11e0                esp_in_isr
 *fill*         0x000000003fff11e1        0x3 
 COMMON         0x000000003fff11e4       0x2d ./build/core.a(app_main.o)
                0x000000003fff11e4                sdk_info
                0x000000003fff1208                sdk_xWatchDogTaskHandle
                0x000000003fff120c                sdk_xUserTaskHandle
                0x000000003fff1210                sdk_user_init_flag
 *fill*         0x000000003fff1211        0x3 
 COMMON         0x000000003fff1214        0xc ./build/freertos.a(port.o)
                0x000000003fff1214                level1_int_disabled
                0x000000003fff1218                cpu_sr
                0x000000003fff121c                xPortSupervisorStackPointer
 COMMON         0x000000003fff1220       0x34 ./build/lwip.a(dhcp.o)
                0x000000003fff1220                dhcp_rx_options_given
                0x000000003fff122c                dhcp_rx_options_val
 COMMON         0x000000003fff1254       0x1c ./build/lwip.a(tcp.o)
                0x000000003fff1254                tcp_active_pcbs_changed
                0x000000003fff1258                tcp_active_pcbs
                0x000000003fff125c                tcp_ticks
                0x000000003fff1260                tcp_listen_pcbs
                0x000000003fff1264                tcp_tmp_pcb
                0x000000003fff1268                tcp_bound_pcbs
                0x000000003fff126c                tcp_tw_pcbs
 COMMON         0x000000003fff1270        0x8 ./build/lwip.a(netif.o)
                0x000000003fff1270                netif_list
                0x000000003fff1274                netif_default
 COMMON         0x000000003fff1278       0xba ./build/lwip.a(stats.o)
                0x000000003fff1278                lwip_stats
 *fill*         0x000000003fff1332        0x2 
 COMMON         0x000000003fff1334        0x4 ./build/lwip.a(udp.o)
                0x000000003fff1334                udp_pcbs
 COMMON         0x000000003fff1338       0x10 ./build/lwip.a(ip.o)
                0x000000003fff1338                current_iphdr_src
                0x000000003fff133c                current_netif
                0x000000003fff1340                current_iphdr_dest
                0x000000003fff1344                current_header
 COMMON         0x000000003fff1348        0x4 ./build/lwip.a(tcp_in.o)
                0x000000003fff1348                tcp_input_pcb
                0x000000003fff1350                . = ALIGN (0x8)
 *fill*         0x000000003fff134c        0x4 
                0x000000003fff1350                _bss_end = ABSOLUTE (.)
                0x000000003fff1350                _heap_start = ABSOLUTE (.)

.irom0.text     0x0000000040202010    0x30628
                0x0000000040202010                _irom0_text_start = ABSOLUTE (.)
 *(.literal .text .literal.* .text.* .rodata .rodata.*)
 .text.dump_flash_sector
                0x0000000040202010       0xb0 ./build/core.a(app_main.o)
                                         0xbc (size before relaxing)
 .text.dump_flash_config_sectors
                0x00000000402020c0       0x65 ./build/core.a(app_main.o)
                                         0xa5 (size before relaxing)
 *fill*         0x0000000040202125        0x3 
 .text.sdk_user_init_task
                0x0000000040202128       0xdb ./build/core.a(app_main.o)
                                        0x143 (size before relaxing)
                0x0000000040202150                sdk_user_init_task
 *fill*         0x0000000040202203        0x1 
 .text.sdk_wdt_init
                0x0000000040202204       0x77 ./build/core.a(app_main.o)
                                         0x7b (size before relaxing)
                0x000000004020220c                sdk_wdt_init
 *fill*         0x000000004020227b        0x1 
 .text.user_start_phase2
                0x000000004020227c      0x35e ./build/core.a(app_main.o)
                                        0x422 (size before relaxing)
 *fill*         0x00000000402025da        0x2 
 .text.get_sdk_default_phy_info
                0x00000000402025dc       0x1c ./build/core.a(phy_info.o)
                                         0x20 (size before relaxing)
                0x00000000402025e0                get_default_phy_info
                0x00000000402025e0                get_sdk_default_phy_info
 .text.read_saved_phy_info
                0x00000000402025f8       0x24 ./build/core.a(phy_info.o)
                                         0x2c (size before relaxing)
                0x00000000402025f8                read_saved_phy_info
 .text.dump_excinfo
                0x000000004020261c       0xf7 ./build/core.a(debug_dumps.o)
                                        0x11b (size before relaxing)
 *fill*         0x0000000040202713        0x1 
 .text.post_crash_reset
                0x0000000040202714       0x30 ./build/core.a(debug_dumps.o)
                                         0x38 (size before relaxing)
 .text.second_fatal_exception_handler_inner
                0x0000000040202744       0x15 ./build/core.a(debug_dumps.o)
                                         0x2b (size before relaxing)
 *fill*         0x0000000040202759        0x3 
 .text.dump_stack
                0x000000004020275c       0x7d ./build/core.a(debug_dumps.o)
                                         0x85 (size before relaxing)
                0x000000004020276c                dump_stack
 *fill*         0x00000000402027d9        0x3 
 .text.dump_registers_in_exception_handler
                0x00000000402027dc       0xac ./build/core.a(debug_dumps.o)
                                         0xc8 (size before relaxing)
                0x00000000402027f0                dump_registers_in_exception_handler
 .text.dump_heapinfo
                0x0000000040202888       0x80 ./build/core.a(debug_dumps.o)
                                         0x9c (size before relaxing)
                0x000000004020289c                dump_heapinfo
 .text.standard_fatal_exception_handler_inner
                0x0000000040202908       0x37 ./build/core.a(debug_dumps.o)
                                         0x58 (size before relaxing)
 *fill*         0x000000004020293f        0x1 
 .text.abort_handler_inner
                0x0000000040202940       0x26 ./build/core.a(debug_dumps.o)
                                         0x3e (size before relaxing)
 *fill*         0x0000000040202966        0x2 
 .literal       0x0000000040202968        0x8 /home/bjarne/workspace/ESP8266/esp-open-sdk/xtensa-lx106-elf/lib/gcc/xtensa-lx106-elf/4.8.5/libgcc.a(_divsf3.o)
                                         0x10 (size before relaxing)
 .literal       0x0000000040202970        0xc /home/bjarne/workspace/ESP8266/esp-open-sdk/xtensa-lx106-elf/lib/gcc/xtensa-lx106-elf/4.8.5/libgcc.a(_muldf3.o)
                                         0x10 (size before relaxing)
 .literal       0x000000004020297c        0x4 /home/bjarne/workspace/ESP8266/esp-open-sdk/xtensa-lx106-elf/lib/gcc/xtensa-lx106-elf/4.8.5/libgcc.a(_extendsfdf2.o)
                                          0x8 (size before relaxing)
 .literal       0x0000000040202980        0xc ../../esp-open-rtos/libc/xtensa-lx106-elf/lib/libc.a(lib_a-mstats.o)
                                         0x2c (size before relaxing)
 .literal       0x000000004020298c       0x18 ../../esp-open-rtos/libc/xtensa-lx106-elf/lib/libc.a(lib_a-nano-mallinfor.o)
                                         0x1c (size before relaxing)
 .literal       0x00000000402029a4        0xc ../../esp-open-rtos/libc/xtensa-lx106-elf/lib/libc.a(lib_a-nano-mallstatsr.o)
                                         0x24 (size before relaxing)
 .literal       0x00000000402029b0       0x24 ../../esp-open-rtos/libc/xtensa-lx106-elf/lib/libc.a(lib_a-nano-vfprintf_float.o)
                                         0x5c (size before relaxing)
 .literal       0x00000000402029d4       0x10 ../../esp-open-rtos/libc/xtensa-lx106-elf/lib/libc.a(lib_a-nano-vfprintf_i.o)
                                         0x14 (size before relaxing)
 .literal       0x00000000402029e4        0x8 ../../esp-open-rtos/libc/xtensa-lx106-elf/lib/libc.a(lib_a-nano-vfscanf_float.o)
                                         0x1c (size before relaxing)
 .literal       0x00000000402029ec        0x0 ../../esp-open-rtos/libc/xtensa-lx106-elf/lib/libc.a(lib_a-putchar.o)
                                         0x14 (size before relaxing)
 .literal       0x00000000402029ec       0x14 ../../esp-open-rtos/libc/xtensa-lx106-elf/lib/libc.a(lib_a-putc.o)
                                         0x20 (size before relaxing)
 .literal       0x0000000040202a00        0xc ../../esp-open-rtos/libc/xtensa-lx106-elf/lib/libc.a(lib_a-puts.o)
                                         0x24 (size before relaxing)
 .literal       0x0000000040202a0c        0x0 ../../esp-open-rtos/libc/xtensa-lx106-elf/lib/libc.a(lib_a-setbuf.o)
                                          0x4 (size before relaxing)
 .literal       0x0000000040202a0c        0x8 ../../esp-open-rtos/libc/xtensa-lx106-elf/lib/libc.a(lib_a-setvbuf.o)
                                         0x30 (size before relaxing)
 .literal       0x0000000040202a14        0x4 ../../esp-open-rtos/libc/xtensa-lx106-elf/lib/libc.a(lib_a-sf_nan.o)
 .literal       0x0000000040202a18       0x14 ../../esp-open-rtos/libc/xtensa-lx106-elf/lib/libc.a(lib_a-s_fpclassify.o)
                                         0x18 (size before relaxing)
 .literal       0x0000000040202a2c        0xc ../../esp-open-rtos/libc/xtensa-lx106-elf/lib/libc.a(lib_a-strlen.o)
 .literal       0x0000000040202a38       0x84 ../../esp-open-rtos/libc/xtensa-lx106-elf/lib/libc.a(lib_a-strtod.o)
                                        0x1f8 (size before relaxing)
 .literal.unlikely
                0x0000000040202abc        0x0 ../../esp-open-rtos/libc/xtensa-lx106-elf/lib/libc.a(lib_a-strtod.o)
                                          0xc (size before relaxing)
 .literal       0x0000000040202abc        0x4 ../../esp-open-rtos/libc/xtensa-lx106-elf/lib/libc.a(lib_a-strtol.o)
                                         0x18 (size before relaxing)
 .literal       0x0000000040202ac0        0x0 ../../esp-open-rtos/libc/xtensa-lx106-elf/lib/libc.a(lib_a-syssbrk.o)
                                          0x8 (size before relaxing)
 .literal       0x0000000040202ac0        0x0 ../../esp-open-rtos/libc/xtensa-lx106-elf/lib/libc.a(lib_a-wbuf.o)
                                         0x28 (size before relaxing)
 .literal       0x0000000040202ac0        0x0 ../../esp-open-rtos/libc/xtensa-lx106-elf/lib/libc.a(lib_a-wsetup.o)
                                         0x1c (size before relaxing)
 .literal       0x0000000040202ac0       0x44 ../../esp-open-rtos/libc/xtensa-lx106-elf/lib/libc.a(lib_a-dtoa.o)
                                        0x214 (size before relaxing)
 .literal       0x0000000040202b04       0x14 ../../esp-open-rtos/libc/xtensa-lx106-elf/lib/libc.a(lib_a-fflush.o)
                                         0x38 (size before relaxing)
 .literal       0x0000000040202b18        0xc ../../esp-open-rtos/libc/xtensa-lx106-elf/lib/libc.a(lib_a-fvwrite.o)
                                         0x40 (size before relaxing)
 .literal       0x0000000040202b24        0x0 ../../esp-open-rtos/libc/xtensa-lx106-elf/lib/libc.a(lib_a-gdtoa-gethex.o)
                                         0x48 (size before relaxing)
 .literal       0x0000000040202b24        0x0 ../../esp-open-rtos/libc/xtensa-lx106-elf/lib/libc.a(lib_a-gdtoa-hexnan.o)
                                          0x4 (size before relaxing)
 .literal       0x0000000040202b24       0x1c ../../esp-open-rtos/libc/xtensa-lx106-elf/lib/libc.a(lib_a-locale.o)
                                         0x30 (size before relaxing)
 .literal       0x0000000040202b40        0xc ../../esp-open-rtos/libc/xtensa-lx106-elf/lib/libc.a(lib_a-makebuf.o)
                                         0x20 (size before relaxing)
 .literal       0x0000000040202b4c       0x18 ../../esp-open-rtos/libc/xtensa-lx106-elf/lib/libc.a(lib_a-mprec.o)
                                         0x74 (size before relaxing)
 .literal       0x0000000040202b64        0x0 ../../esp-open-rtos/libc/xtensa-lx106-elf/lib/libc.a(lib_a-nano-callocr.o)
                                          0x8 (size before relaxing)
 .literal       0x0000000040202b64        0x0 ../../esp-open-rtos/libc/xtensa-lx106-elf/lib/libc.a(lib_a-nano-reallocr.o)
                                         0x18 (size before relaxing)
 .literal       0x0000000040202b64        0x4 ../../esp-open-rtos/libc/xtensa-lx106-elf/lib/libc.a(lib_a-stdio.o)
                                         0x24 (size before relaxing)
 .literal       0x0000000040202b68        0xc ../../esp-open-rtos/libc/xtensa-lx106-elf/lib/libc.a(lib_a-strcmp.o)
                                         0x20 (size before relaxing)
 .literal       0x0000000040202b74        0x0 ../../esp-open-rtos/libc/xtensa-lx106-elf/lib/libc.a(isatty.o)
                                          0x8 (size before relaxing)
 .literal       0x0000000040202b74        0xc ../../esp-open-rtos/libc/xtensa-lx106-elf/lib/libc.a(lib_a-fclose.o)
                                         0x3c (size before relaxing)
 .literal       0x0000000040202b80        0x4 ../../esp-open-rtos/libc/xtensa-lx106-elf/lib/libc.a(lib_a-wcrtomb.o)
                                         0x10 (size before relaxing)
 .literal       0x0000000040202b84        0x0 ../../esp-open-rtos/libc/xtensa-lx106-elf/lib/libc.a(lib_a-wctomb_r.o)
                                          0x8 (size before relaxing)
 .literal       0x0000000040202b84        0x0 /home/bjarne/workspace/ESP8266/esp-open-sdk/xtensa-lx106-elf/lib/gcc/xtensa-lx106-elf/4.8.5/libgcc.a(_addsubsf3.o)
                                          0xc (size before relaxing)
 .literal       0x0000000040202b84        0x0 /home/bjarne/workspace/ESP8266/esp-open-sdk/xtensa-lx106-elf/lib/gcc/xtensa-lx106-elf/4.8.5/libgcc.a(_mulsf3.o)
                                         0x10 (size before relaxing)
 .literal       0x0000000040202b84        0x0 /home/bjarne/workspace/ESP8266/esp-open-sdk/xtensa-lx106-elf/lib/gcc/xtensa-lx106-elf/4.8.5/libgcc.a(_fixsfsi.o)
                                          0x4 (size before relaxing)
 .literal       0x0000000040202b84        0x0 /home/bjarne/workspace/ESP8266/esp-open-sdk/xtensa-lx106-elf/lib/gcc/xtensa-lx106-elf/4.8.5/libgcc.a(_fixunssfsi.o)
                                          0x4 (size before relaxing)
 .literal       0x0000000040202b84        0x0 /home/bjarne/workspace/ESP8266/esp-open-sdk/xtensa-lx106-elf/lib/gcc/xtensa-lx106-elf/4.8.5/libgcc.a(_addsubdf3.o)
                                          0xc (size before relaxing)
 .literal       0x0000000040202b84        0x0 /home/bjarne/workspace/ESP8266/esp-open-sdk/xtensa-lx106-elf/lib/gcc/xtensa-lx106-elf/4.8.5/libgcc.a(_divdf3.o)
                                         0x10 (size before relaxing)
 .literal       0x0000000040202b84        0x0 /home/bjarne/workspace/ESP8266/esp-open-sdk/xtensa-lx106-elf/lib/gcc/xtensa-lx106-elf/4.8.5/libgcc.a(_cmpdf2.o)
                                         0x18 (size before relaxing)
 .literal       0x0000000040202b84        0x0 /home/bjarne/workspace/ESP8266/esp-open-sdk/xtensa-lx106-elf/lib/gcc/xtensa-lx106-elf/4.8.5/libgcc.a(_fixdfsi.o)
                                          0x4 (size before relaxing)
 .literal       0x0000000040202b84        0x0 /home/bjarne/workspace/ESP8266/esp-open-sdk/xtensa-lx106-elf/lib/gcc/xtensa-lx106-elf/4.8.5/libgcc.a(_fixunsdfsi.o)
                                          0x4 (size before relaxing)
 .literal       0x0000000040202b84        0x0 /home/bjarne/workspace/ESP8266/esp-open-sdk/xtensa-lx106-elf/lib/gcc/xtensa-lx106-elf/4.8.5/libgcc.a(_truncdfsf2.o)
                                          0x8 (size before relaxing)
 .literal       0x0000000040202b84        0x4 /home/bjarne/workspace/ESP8266/esp-open-sdk/xtensa-lx106-elf/lib/gcc/xtensa-lx106-elf/4.8.5/libgcc.a(_popcountsi2.o)
 .literal       0x0000000040202b88        0x0 ../../esp-open-rtos/libc/xtensa-lx106-elf/lib/libc.a(lib_a-calloc.o)
                                          0x8 (size before relaxing)
 .literal       0x0000000040202b88        0x0 ../../esp-open-rtos/libc/xtensa-lx106-elf/lib/libc.a(lib_a-strncpy.o)
                                          0xc (size before relaxing)
 .literal       0x0000000040202b88        0x0 ../../esp-open-rtos/libc/xtensa-lx106-elf/lib/libc.a(lib_a-strrchr.o)
                                          0x8 (size before relaxing)
 .text          0x0000000040202b88      0x135 /home/bjarne/workspace/ESP8266/esp-open-sdk/xtensa-lx106-elf/lib/gcc/xtensa-lx106-elf/4.8.5/libgcc.a(_divsf3.o)
                0x0000000040202c04                __divsf3
 *fill*         0x0000000040202cbd        0x3 
 .text          0x0000000040202cc0      0x29b /home/bjarne/workspace/ESP8266/esp-open-sdk/xtensa-lx106-elf/lib/gcc/xtensa-lx106-elf/4.8.5/libgcc.a(_muldf3.o)
                0x0000000040202da0                __muldf3
 *fill*         0x0000000040202f5b        0x1 
 .text          0x0000000040202f5c       0x5e /home/bjarne/workspace/ESP8266/esp-open-sdk/xtensa-lx106-elf/lib/gcc/xtensa-lx106-elf/4.8.5/libgcc.a(_extendsfdf2.o)
                0x0000000040202f5c                __extendsfdf2
 *fill*         0x0000000040202fba        0x2 
 .text          0x0000000040202fbc       0xab ../../esp-open-rtos/libc/xtensa-lx106-elf/lib/libc.a(lib_a-mstats.o)
                0x0000000040202fbc                mallinfo
                0x0000000040202fdc                malloc_stats
                0x0000000040202ff4                mallopt
                0x0000000040203014                _mstats_r
                0x0000000040203050                mstats
 *fill*         0x0000000040203067        0x1 
 .text          0x0000000040203068       0x7f ../../esp-open-rtos/libc/xtensa-lx106-elf/lib/libc.a(lib_a-nano-mallinfor.o)
                0x0000000040203068                _mallinfo_r
 *fill*         0x00000000402030e7        0x1 
 .text          0x00000000402030e8       0x4f ../../esp-open-rtos/libc/xtensa-lx106-elf/lib/libc.a(lib_a-nano-mallstatsr.o)
                                         0x53 (size before relaxing)
                0x00000000402030e8                _malloc_stats_r
 *fill*         0x0000000040203137        0x1 
 .text          0x0000000040203138      0x694 ../../esp-open-rtos/libc/xtensa-lx106-elf/lib/libc.a(lib_a-nano-vfprintf_float.o)
                                        0x6b0 (size before relaxing)
                0x0000000040203138                __cvt
                0x0000000040203234                __exponent
                0x00000000402032d0                _printf_float
 .text          0x00000000402037cc      0x4bb ../../esp-open-rtos/libc/xtensa-lx106-elf/lib/libc.a(lib_a-nano-vfprintf_i.o)
                                        0x4bf (size before relaxing)
                0x00000000402037cc                _printf_common
                0x00000000402038d4                _printf_i
 *fill*         0x0000000040203c87        0x1 
 .text          0x0000000040203c88      0x4c0 ../../esp-open-rtos/libc/xtensa-lx106-elf/lib/libc.a(lib_a-nano-vfscanf_float.o)
                                        0x4c4 (size before relaxing)
                0x0000000040203c88                _scanf_float
 .text          0x0000000040204148       0x65 ../../esp-open-rtos/libc/xtensa-lx106-elf/lib/libc.a(lib_a-putchar.o)
                0x0000000040204148                _putchar_r
                0x0000000040204178                putchar
 *fill*         0x00000000402041ad        0x3 
 .text          0x00000000402041b0       0xd7 ../../esp-open-rtos/libc/xtensa-lx106-elf/lib/libc.a(lib_a-putc.o)
                0x00000000402041b0                _putc_r
                0x000000004020426c                putc
 *fill*         0x0000000040204287        0x1 
 .text          0x0000000040204288       0xbf ../../esp-open-rtos/libc/xtensa-lx106-elf/lib/libc.a(lib_a-puts.o)
                0x0000000040204288                _puts_r
                0x0000000040204330                puts
 *fill*         0x0000000040204347        0x1 
 .text          0x0000000040204348       0x1c ../../esp-open-rtos/libc/xtensa-lx106-elf/lib/libc.a(lib_a-setbuf.o)
                0x0000000040204348                setbuf
 .text          0x0000000040204364      0x175 ../../esp-open-rtos/libc/xtensa-lx106-elf/lib/libc.a(lib_a-setvbuf.o)
                                        0x179 (size before relaxing)
                0x0000000040204364                setvbuf
 *fill*         0x00000000402044d9        0x3 
 .text          0x00000000402044dc        0x5 ../../esp-open-rtos/libc/xtensa-lx106-elf/lib/libc.a(lib_a-sf_nan.o)
                0x00000000402044dc                nanf
 *fill*         0x00000000402044e1        0x3 
 .text          0x00000000402044e4       0x4c ../../esp-open-rtos/libc/xtensa-lx106-elf/lib/libc.a(lib_a-s_fpclassify.o)
                0x00000000402044e4                __fpclassifyd
 .text          0x0000000040204530       0x5b ../../esp-open-rtos/libc/xtensa-lx106-elf/lib/libc.a(lib_a-strlen.o)
                0x0000000040204530                strlen
 *fill*         0x000000004020458b        0x1 
 .text          0x000000004020458c      0xda7 ../../esp-open-rtos/libc/xtensa-lx106-elf/lib/libc.a(lib_a-strtod.o)
                                        0xe6f (size before relaxing)
                0x00000000402045bc                _strtod_r
                0x00000000402052d8                strtod
                0x00000000402052f4                strtof
 *fill*         0x0000000040205333        0x1 
 .text.unlikely
                0x0000000040205334       0x3d ../../esp-open-rtos/libc/xtensa-lx106-elf/lib/libc.a(lib_a-strtod.o)
                                         0x41 (size before relaxing)
 *fill*         0x0000000040205371        0x3 
 .text          0x0000000040205374      0x15f ../../esp-open-rtos/libc/xtensa-lx106-elf/lib/libc.a(lib_a-strtol.o)
                0x0000000040205374                _strtol_r
                0x00000000402054b4                strtol
 *fill*         0x00000000402054d3        0x1 
 .text          0x00000000402054d4       0x19 ../../esp-open-rtos/libc/xtensa-lx106-elf/lib/libc.a(lib_a-syssbrk.o)
                0x00000000402054d4                sbrk
 *fill*         0x00000000402054ed        0x3 
 .text          0x00000000402054f0       0xf7 ../../esp-open-rtos/libc/xtensa-lx106-elf/lib/libc.a(lib_a-wbuf.o)
                                         0xff (size before relaxing)
                0x00000000402054f0                __swbuf_r
                0x00000000402055cc                __swbuf
 *fill*         0x00000000402055e7        0x1 
 .text          0x00000000402055e8       0xef ../../esp-open-rtos/libc/xtensa-lx106-elf/lib/libc.a(lib_a-wsetup.o)
                0x00000000402055e8                __swsetup_r
 *fill*         0x00000000402056d7        0x1 
 .text          0x00000000402056d8      0xd66 ../../esp-open-rtos/libc/xtensa-lx106-elf/lib/libc.a(lib_a-dtoa.o)
                                        0xe7a (size before relaxing)
                0x0000000040205818                _dtoa_r
 *fill*         0x000000004020643e        0x2 
 .text          0x0000000040206440      0x213 ../../esp-open-rtos/libc/xtensa-lx106-elf/lib/libc.a(lib_a-fflush.o)
                                        0x217 (size before relaxing)
                0x0000000040206440                __sflush_r
                0x00000000402065a0                _fflush_r
                0x000000004020662c                fflush
 *fill*         0x0000000040206653        0x1 
 .text          0x0000000040206654      0x32c ../../esp-open-rtos/libc/xtensa-lx106-elf/lib/libc.a(lib_a-fvwrite.o)
                                        0x334 (size before relaxing)
                0x0000000040206654                __sfvwrite_r
 .text          0x0000000040206980      0x558 ../../esp-open-rtos/libc/xtensa-lx106-elf/lib/libc.a(lib_a-gdtoa-gethex.o)
                                        0x570 (size before relaxing)
                0x00000000402069f4                __hexdig_fun
                0x0000000040206a2c                __gethex
 .text          0x0000000040206ed8      0x165 ../../esp-open-rtos/libc/xtensa-lx106-elf/lib/libc.a(lib_a-gdtoa-hexnan.o)
                0x0000000040206f04                __hexnan
 *fill*         0x000000004020703d        0x3 
 .text          0x0000000040207040       0x8d ../../esp-open-rtos/libc/xtensa-lx106-elf/lib/libc.a(lib_a-locale.o)
                                         0x95 (size before relaxing)
                0x0000000040207040                _setlocale_r
                0x0000000040207088                __locale_charset
                0x0000000040207090                __locale_mb_cur_max
                0x0000000040207098                __locale_msgcharset
                0x00000000402070a0                __locale_cjk_lang
                0x00000000402070a4                _localeconv_r
                0x00000000402070ac                setlocale
                0x00000000402070c8                localeconv
 *fill*         0x00000000402070cd        0x3 
 .text          0x00000000402070d0      0x104 ../../esp-open-rtos/libc/xtensa-lx106-elf/lib/libc.a(lib_a-makebuf.o)
                                        0x108 (size before relaxing)
                0x00000000402070d0                __smakebuf_r
 .text          0x00000000402071d4      0x966 ../../esp-open-rtos/libc/xtensa-lx106-elf/lib/libc.a(lib_a-mprec.o)
                                        0x96e (size before relaxing)
                0x00000000402071d4                _Balloc
                0x0000000040207260                _Bfree
                0x00000000402072a8                __multadd
                0x0000000040207338                __s2b
                0x00000000402073d4                __hi0bits
                0x000000004020741c                __lo0bits
                0x0000000040207484                __i2b
                0x00000000402074a4                __multiply
                0x00000000402075c8                __pow5mult
                0x0000000040207684                __lshift
                0x0000000040207744                __mcmp
                0x000000004020777c                __mdiff
                0x000000004020785c                __ulp
                0x00000000402078a0                __b2d
                0x0000000040207960                __d2b
                0x0000000040207a24                __ratio
                0x0000000040207a88                _mprec_log10
                0x0000000040207ac0                __copybits
                0x0000000040207af0                __any_on
 *fill*         0x0000000040207b3a        0x2 
 .text          0x0000000040207b3c       0x2f ../../esp-open-rtos/libc/xtensa-lx106-elf/lib/libc.a(lib_a-nano-callocr.o)
                0x0000000040207b3c                _calloc_r
 *fill*         0x0000000040207b6b        0x1 
 .text          0x0000000040207b6c       0x73 ../../esp-open-rtos/libc/xtensa-lx106-elf/lib/libc.a(lib_a-nano-reallocr.o)
                0x0000000040207b6c                _realloc_r
 *fill*         0x0000000040207bdf        0x1 
 .text          0x0000000040207be0       0xe1 ../../esp-open-rtos/libc/xtensa-lx106-elf/lib/libc.a(lib_a-stdio.o)
                                         0xed (size before relaxing)
                0x0000000040207be0                __sread
                0x0000000040207c18                __seofread
                0x0000000040207c1c                __swrite
                0x0000000040207c70                __sseek
                0x0000000040207cac                __sclose
 *fill*         0x0000000040207cc1        0x3 
 .text          0x0000000040207cc4       0xff ../../esp-open-rtos/libc/xtensa-lx106-elf/lib/libc.a(lib_a-strcmp.o)
                0x0000000040207cc4                strcmp
 *fill*         0x0000000040207dc3        0x1 
 .text          0x0000000040207dc4       0x30 ../../esp-open-rtos/libc/xtensa-lx106-elf/lib/libc.a(isatty.o)
                0x0000000040207dc4                _isatty_r
 .text          0x0000000040207df4      0x10b ../../esp-open-rtos/libc/xtensa-lx106-elf/lib/libc.a(lib_a-fclose.o)
                                        0x10f (size before relaxing)
                0x0000000040207df4                _fclose_r
                0x0000000040207ee8                fclose
 *fill*         0x0000000040207eff        0x1 
 .text          0x0000000040207f00       0x7d ../../esp-open-rtos/libc/xtensa-lx106-elf/lib/libc.a(lib_a-wcrtomb.o)
                0x0000000040207f00                _wcrtomb_r
                0x0000000040207f60                wcrtomb
 *fill*         0x0000000040207f7d        0x3 
 .text          0x0000000040207f80       0x5d ../../esp-open-rtos/libc/xtensa-lx106-elf/lib/libc.a(lib_a-wctomb_r.o)
                0x0000000040207f80                __ascii_wctomb
                0x0000000040207fa0                _wctomb_r
 *fill*         0x0000000040207fdd        0x3 
 .text.blinkTask
                0x0000000040207fe0       0x50 ./build/program.a(main.o)
                                         0x74 (size before relaxing)
                0x0000000040207fec                blinkTask
 .text.user_init
                0x0000000040208030       0xbf ./build/program.a(main.o)
                                         0xfb (size before relaxing)
                0x000000004020804c                user_init
 *fill*         0x00000000402080ef        0x1 
 .text.prvCopyDataFromQueue
                0x00000000402080f0       0x2d ./build/freertos.a(queue.o)
                                         0x31 (size before relaxing)
 *fill*         0x000000004020811d        0x3 
 .text.xQueueGenericReset
                0x0000000040208120       0x8e ./build/freertos.a(queue.o)
                                         0x9a (size before relaxing)
                0x0000000040208130                xQueueGenericReset
 *fill*         0x00000000402081ae        0x2 
 .text.xQueueGenericCreate
                0x00000000402081b0       0x6b ./build/freertos.a(queue.o)
                                         0x77 (size before relaxing)
                0x00000000402081b8                xQueueGenericCreate
 *fill*         0x000000004020821b        0x1 
 .text.xQueueGenericSendFromISR
                0x000000004020821c       0x73 ./build/freertos.a(queue.o)
                                         0x77 (size before relaxing)
                0x0000000040208220                xQueueGenericSendFromISR
 *fill*         0x000000004020828f        0x1 
 .text.xQueueGenericReceive
                0x0000000040208290      0x195 ./build/freertos.a(queue.o)
                                        0x1f5 (size before relaxing)
                0x00000000402082a8                xQueueGenericReceive
 *fill*         0x0000000040208425        0x3 
 .text.vQueueWaitForMessageRestricted
                0x0000000040208428       0x61 ./build/freertos.a(queue.o)
                                         0x71 (size before relaxing)
                0x0000000040208428                vQueueWaitForMessageRestricted
 *fill*         0x0000000040208489        0x3 
 .text.xTaskGenericCreate
                0x000000004020848c      0x219 ./build/freertos.a(tasks.o)
                                        0x275 (size before relaxing)
                0x00000000402084c8                xTaskGenericCreate
 *fill*         0x00000000402086a5        0x3 
 .text.vTaskDelete
                0x00000000402086a8       0x90 ./build/freertos.a(tasks.o)
                                         0xb4 (size before relaxing)
                0x00000000402086b0                vTaskDelete
 .text.vTaskStartScheduler
                0x0000000040208738       0x7d ./build/freertos.a(tasks.o)
                                         0x95 (size before relaxing)
                0x0000000040208754                vTaskStartScheduler
 *fill*         0x00000000402087b5        0x3 
 .text.xTaskGetTickCount
                0x00000000402087b8       0x27 ./build/freertos.a(tasks.o)
                                         0x33 (size before relaxing)
                0x00000000402087b8                xTaskGetTickCount
 *fill*         0x00000000402087df        0x1 
 .text.vTaskDelay
                0x00000000402087e0       0x5f ./build/freertos.a(tasks.o)
                                         0x73 (size before relaxing)
                0x00000000402087e8                vTaskDelay
 *fill*         0x000000004020883f        0x1 
 .text.prvIdleTask
                0x0000000040208840       0x90 ./build/freertos.a(tasks.o)
                                         0xc0 (size before relaxing)
 .text.vTaskSwitchContext
                0x00000000402088d0       0xd4 ./build/freertos.a(tasks.o)
                                         0xe8 (size before relaxing)
                0x00000000402088e0                vTaskSwitchContext
 .text.vTaskPlaceOnEventListRestricted
                0x00000000402089a4       0x44 ./build/freertos.a(tasks.o)
                                         0x58 (size before relaxing)
                0x00000000402089a4                vTaskPlaceOnEventListRestricted
 .text.uxTaskGetStackHighWaterMark
                0x00000000402089e8       0x30 ./build/freertos.a(tasks.o)
                                         0x34 (size before relaxing)
                0x00000000402089e8                uxTaskGetStackHighWaterMark
 .text.xTaskGetCurrentTaskHandle
                0x0000000040208a18        0xa ./build/freertos.a(tasks.o)
                                          0xe (size before relaxing)
                0x0000000040208a18                xTaskGetCurrentTaskHandle
 *fill*         0x0000000040208a22        0x2 
 .text.xTaskGetSchedulerState
                0x0000000040208a24       0x1e ./build/freertos.a(tasks.o)
                                         0x26 (size before relaxing)
                0x0000000040208a24                xTaskGetSchedulerState
 *fill*         0x0000000040208a42        0x2 
 .text.vTaskPriorityInherit
                0x0000000040208a44       0x90 ./build/freertos.a(tasks.o)
                                         0xa4 (size before relaxing)
                0x0000000040208a44                vTaskPriorityInherit
 .text.prvCheckForValidListAndQueue
                0x0000000040208ad4       0x69 ./build/freertos.a(timers.o)
                                         0x89 (size before relaxing)
 *fill*         0x0000000040208b3d        0x3 
 .text.prvInsertTimerInActiveList
                0x0000000040208b40       0x4d ./build/freertos.a(timers.o)
                                         0x59 (size before relaxing)
 *fill*         0x0000000040208b8d        0x3 
 .text.xTimerCreateTimerTask
                0x0000000040208b90       0x41 ./build/freertos.a(timers.o)
                                         0x51 (size before relaxing)
                0x0000000040208b9c                xTimerCreateTimerTask
 *fill*         0x0000000040208bd1        0x3 
 .text.xTimerCreate
                0x0000000040208bd4       0x51 ./build/freertos.a(timers.o)
                                         0x61 (size before relaxing)
                0x0000000040208bd4                xTimerCreate
 *fill*         0x0000000040208c25        0x3 
 .text.xTimerGenericCommand
                0x0000000040208c28       0x6b ./build/freertos.a(timers.o)
                                         0x7b (size before relaxing)
                0x0000000040208c2c                xTimerGenericCommand
 *fill*         0x0000000040208c93        0x1 
 .text.prvSwitchTimerLists$isra$1
                0x0000000040208c94       0x7a ./build/freertos.a(timers.o)
                                         0x8e (size before relaxing)
 *fill*         0x0000000040208d0e        0x2 
 .text.prvTimerTask
                0x0000000040208d10      0x15f ./build/freertos.a(timers.o)
                                        0x1d7 (size before relaxing)
 *fill*         0x0000000040208e6f        0x1 
 .text.pxPortInitialiseStack
                0x0000000040208e70       0x37 ./build/freertos.a(port.o)
                0x0000000040208e74                pxPortInitialiseStack
 *fill*         0x0000000040208ea7        0x1 
 .text.xPortSysTickHandle
                0x0000000040208ea8       0x1b ./build/freertos.a(port.o)
                                         0x23 (size before relaxing)
                0x0000000040208eac                xPortSysTickHandle
 *fill*         0x0000000040208ec3        0x1 
 .text.xPortStartScheduler
                0x0000000040208ec4       0x6e ./build/freertos.a(port.o)
                                         0x7a (size before relaxing)
                0x0000000040208ed8                xPortStartScheduler
 *fill*         0x0000000040208f32        0x2 
 .text.xPortGetFreeHeapSize
                0x0000000040208f34       0x28 ./build/freertos.a(port.o)
                                         0x38 (size before relaxing)
                0x0000000040208f34                xPortGetFreeHeapSize
 .text.low_level_output
                0x0000000040208f5c       0x38 ./build/lwip.a(esp_interface.o)
                                         0x40 (size before relaxing)
 .text.ethernetif_init
                0x0000000040208f94       0x32 ./build/lwip.a(esp_interface.o)
                0x0000000040208f9c                ethernetif_init
 *fill*         0x0000000040208fc6        0x2 
 .text.ethernetif_input
                0x0000000040208fc8       0x4f ./build/lwip.a(esp_interface.o)
                                         0x5a (size before relaxing)
                0x0000000040208fcc                ethernetif_input
 *fill*         0x0000000040209017        0x1 
 .text.tcpip_thread
                0x0000000040209018       0xbf ./build/lwip.a(tcpip.o)
                                         0xe7 (size before relaxing)
 *fill*         0x00000000402090d7        0x1 
 .text.tcpip_input
                0x00000000402090d8       0x6c ./build/lwip.a(tcpip.o)
                                         0x80 (size before relaxing)
                0x00000000402090dc                tcpip_input
 .text.tcpip_init
                0x0000000040209144       0x47 ./build/lwip.a(tcpip.o)
                                         0x67 (size before relaxing)
                0x000000004020914c                tcpip_init
 *fill*         0x000000004020918b        0x1 
 .text.dhcp_create_msg
                0x000000004020918c      0x1cc ./build/lwip.a(dhcp.o)
                                        0x1d4 (size before relaxing)
 .text.dhcp_rebind
                0x0000000040209358      0x11e ./build/lwip.a(dhcp.o)
                                        0x13e (size before relaxing)
 *fill*         0x0000000040209476        0x2 
 .text.dhcp_discover
                0x0000000040209478      0x176 ./build/lwip.a(dhcp.o)
                                        0x19a (size before relaxing)
 *fill*         0x00000000402095ee        0x2 
 .text.dhcp_check
                0x00000000402095f0       0x3e ./build/lwip.a(dhcp.o)
                                         0x46 (size before relaxing)
 *fill*         0x000000004020962e        0x2 
 .text.dhcp_bind
                0x0000000040209630      0x139 ./build/lwip.a(dhcp.o)
                                        0x165 (size before relaxing)
 *fill*         0x0000000040209769        0x3 
 .text.dhcp_option_long$isra$3
                0x000000004020976c       0x53 ./build/lwip.a(dhcp.o)
                                         0x5b (size before relaxing)
 *fill*         0x00000000402097bf        0x1 
 .text.dhcp_select
                0x00000000402097c0      0x21c ./build/lwip.a(dhcp.o)
                                        0x254 (size before relaxing)
 .text.dhcp_reboot
                0x00000000402099dc      0x162 ./build/lwip.a(dhcp.o)